Archive member included to satisfy reference by file (symbol)

d:/rt-threadstudio/repo/extract/toolchain_support_packages/arm/gnu_tools_for_arm_embedded_processors/10.2.1/bin/../lib/gcc/arm-none-eabi/10.2.1/../../../../arm-none-eabi/lib/thumb/v8-m.main+fp/hard\libc.a(lib_a-exit.o)
                              d:/rt-threadstudio/repo/extract/toolchain_support_packages/arm/gnu_tools_for_arm_embedded_processors/10.2.1/bin/../lib/gcc/arm-none-eabi/10.2.1/../../../../arm-none-eabi/lib/thumb/v8-m.main+fp/hard/crt0.o (exit)
d:/rt-threadstudio/repo/extract/toolchain_support_packages/arm/gnu_tools_for_arm_embedded_processors/10.2.1/bin/../lib/gcc/arm-none-eabi/10.2.1/../../../../arm-none-eabi/lib/thumb/v8-m.main+fp/hard\libc.a(lib_a-impure.o)
                              d:/rt-threadstudio/repo/extract/toolchain_support_packages/arm/gnu_tools_for_arm_embedded_processors/10.2.1/bin/../lib/gcc/arm-none-eabi/10.2.1/../../../../arm-none-eabi/lib/thumb/v8-m.main+fp/hard\libc.a(lib_a-exit.o) (_global_impure_ptr)
d:/rt-threadstudio/repo/extract/toolchain_support_packages/arm/gnu_tools_for_arm_embedded_processors/10.2.1/bin/../lib/gcc/arm-none-eabi/10.2.1/../../../../arm-none-eabi/lib/thumb/v8-m.main+fp/hard\libc.a(lib_a-memcmp.o)
                              ./rt-thread/components/finsh/shell.o (memcmp)
d:/rt-threadstudio/repo/extract/toolchain_support_packages/arm/gnu_tools_for_arm_embedded_processors/10.2.1/bin/../lib/gcc/arm-none-eabi/10.2.1/../../../../arm-none-eabi/lib/thumb/v8-m.main+fp/hard\libc.a(lib_a-memcpy.o)
                              ./ra/fsp/src/r_sci_uart/r_sci_uart.o (memcpy)
d:/rt-threadstudio/repo/extract/toolchain_support_packages/arm/gnu_tools_for_arm_embedded_processors/10.2.1/bin/../lib/gcc/arm-none-eabi/10.2.1/../../../../arm-none-eabi/lib/thumb/v8-m.main+fp/hard\libc.a(lib_a-memset.o)
                              d:/rt-threadstudio/repo/extract/toolchain_support_packages/arm/gnu_tools_for_arm_embedded_processors/10.2.1/bin/../lib/gcc/arm-none-eabi/10.2.1/../../../../arm-none-eabi/lib/thumb/v8-m.main+fp/hard/crt0.o (memset)
d:/rt-threadstudio/repo/extract/toolchain_support_packages/arm/gnu_tools_for_arm_embedded_processors/10.2.1/bin/../lib/gcc/arm-none-eabi/10.2.1/../../../../arm-none-eabi/lib/thumb/v8-m.main+fp/hard\libc.a(lib_a-strcpy.o)
                              ./rt-thread/components/finsh/shell.o (strcpy)
d:/rt-threadstudio/repo/extract/toolchain_support_packages/arm/gnu_tools_for_arm_embedded_processors/10.2.1/bin/../lib/gcc/arm-none-eabi/10.2.1/../../../../arm-none-eabi/lib/thumb/v8-m.main+fp/hard\libc.a(lib_a-strlen-stub.o)
                              ./rt-thread/components/finsh/msh.o (strlen)
d:/rt-threadstudio/repo/extract/toolchain_support_packages/arm/gnu_tools_for_arm_embedded_processors/10.2.1/bin/../lib/gcc/arm-none-eabi/10.2.1/../../../../arm-none-eabi/lib/thumb/v8-m.main+fp/hard\libc.a(lib_a-strncmp.o)
                              ./rt-thread/components/finsh/msh.o (strncmp)
d:/rt-threadstudio/repo/extract/toolchain_support_packages/arm/gnu_tools_for_arm_embedded_processors/10.2.1/bin/../lib/gcc/arm-none-eabi/10.2.1/../../../../arm-none-eabi/lib/thumb/v8-m.main+fp/hard\libc.a(lib_a-strncpy.o)
                              ./rt-thread/components/finsh/shell.o (strncpy)
d:/rt-threadstudio/repo/extract/toolchain_support_packages/arm/gnu_tools_for_arm_embedded_processors/10.2.1/bin/../lib/gcc/arm-none-eabi/10.2.1/../../../../arm-none-eabi/lib/thumb/v8-m.main+fp/hard\libc.a(lib_a-__call_atexit.o)
                              d:/rt-threadstudio/repo/extract/toolchain_support_packages/arm/gnu_tools_for_arm_embedded_processors/10.2.1/bin/../lib/gcc/arm-none-eabi/10.2.1/../../../../arm-none-eabi/lib/thumb/v8-m.main+fp/hard\libc.a(lib_a-exit.o) (__call_exitprocs)
d:/rt-threadstudio/repo/extract/toolchain_support_packages/arm/gnu_tools_for_arm_embedded_processors/10.2.1/bin/../lib/gcc/arm-none-eabi/10.2.1/../../../../arm-none-eabi/lib/thumb/v8-m.main+fp/hard\libc.a(lib_a-atexit.o)
                              d:/rt-threadstudio/repo/extract/toolchain_support_packages/arm/gnu_tools_for_arm_embedded_processors/10.2.1/bin/../lib/gcc/arm-none-eabi/10.2.1/../../../../arm-none-eabi/lib/thumb/v8-m.main+fp/hard\libc.a(lib_a-__call_atexit.o) (atexit)
d:/rt-threadstudio/repo/extract/toolchain_support_packages/arm/gnu_tools_for_arm_embedded_processors/10.2.1/bin/../lib/gcc/arm-none-eabi/10.2.1/../../../../arm-none-eabi/lib/thumb/v8-m.main+fp/hard\libc.a(lib_a-fini.o)
                              d:/rt-threadstudio/repo/extract/toolchain_support_packages/arm/gnu_tools_for_arm_embedded_processors/10.2.1/bin/../lib/gcc/arm-none-eabi/10.2.1/../../../../arm-none-eabi/lib/thumb/v8-m.main+fp/hard\libc.a(lib_a-__call_atexit.o) (__libc_fini_array)
d:/rt-threadstudio/repo/extract/toolchain_support_packages/arm/gnu_tools_for_arm_embedded_processors/10.2.1/bin/../lib/gcc/arm-none-eabi/10.2.1/../../../../arm-none-eabi/lib/thumb/v8-m.main+fp/hard\libc.a(lib_a-lock.o)
[...]
Memory Configuration

Name             Origin             Length             Attributes
FLASH            0x00000000         0x00100000         xr
RAM              0x20000000         0x00040000         xrw
DATA_FLASH       0x08000000         0x00002000         xr
QSPI_FLASH       0x60000000         0x04000000         xr
OSPI_DEVICE_0    0x68000000         0x08000000         xr
OSPI_DEVICE_1    0x70000000         0x10000000         xr
OSPI_DEVICE_0_RAM 0x68000000         0x08000000         xrw
OSPI_DEVICE_1_RAM 0x70000000         0x10000000         xrw
SDRAM            0x90000000         0x00000000         xrw
OPTION_SETTING   0x0100a100         0x00000100         r
OPTION_SETTING_S 0x0100a200         0x00000100         r
ID_CODE          0x00000000         0x00000000         xr
*default*        0x00000000         0xffffffff

Linker script and memory map

LOAD d:/rt-threadstudio/repo/extract/toolchain_support_packages/arm/gnu_tools_for_arm_embedded_processors/10.2.1/bin/../lib/gcc/arm-none-eabi/10.2.1/thumb/v8-m.main+fp/hard/crti.o
LOAD d:/rt-threadstudio/repo/extract/toolchain_support_packages/arm/gnu_tools_for_arm_embedded_processors/10.2.1/bin/../lib/gcc/arm-none-eabi/10.2.1/thumb/v8-m.main+fp/hard/crtbegin.o
LOAD d:/rt-threadstudio/repo/extract/toolchain_support_packages/arm/gnu_tools_for_arm_embedded_processors/10.2.1/bin/../lib/gcc/arm-none-eabi/10.2.1/../../../../arm-none-eabi/lib/thumb/v8-m.main+fp/hard/crt0.o
LOAD ./src/hal_entry.o
LOAD ./rt-thread/src/clock.o
LOAD ./rt-thread/src/components.o
LOAD ./rt-thread/src/device.o
LOAD ./rt-thread/src/idle.o
LOAD ./rt-thread/src/ipc.o
LOAD ./rt-thread/src/irq.o
LOAD ./rt-thread/src/kservice.o
LOAD ./rt-thread/src/mem.o
LOAD ./rt-thread/src/object.o
LOAD ./rt-thread/src/scheduler.o
LOAD ./rt-thread/src/thread.o
LOAD ./rt-thread/src/timer.o
LOAD ./rt-thread/libcpu/arm/cortex-m4/context_gcc.o
LOAD ./rt-thread/libcpu/arm/cortex-m4/cpuport.o
LOAD ./rt-thread/libcpu/arm/common/backtrace.o
LOAD ./rt-thread/libcpu/arm/common/div0.o
LOAD ./rt-thread/libcpu/arm/common/showmem.o
LOAD ./rt-thread/components/libc/compilers/newlib/syscalls.o
LOAD ./rt-thread/components/libc/compilers/common/stdlib.o
LOAD ./rt-thread/components/libc/compilers/common/time.o
LOAD ./rt-thread/components/finsh/cmd.o
LOAD ./rt-thread/components/finsh/msh.o
LOAD ./rt-thread/components/finsh/shell.o
LOAD ./rt-thread/components/drivers/serial/serial_v2.o
LOAD ./rt-thread/components/drivers/misc/pin.o
LOAD ./rt-thread/components/drivers/ipc/completion.o
LOAD ./rt-thread/components/drivers/ipc/dataqueue.o
LOAD ./rt-thread/components/drivers/ipc/pipe.o
LOAD ./rt-thread/components/drivers/ipc/ringblk_buf.o
LOAD ./rt-thread/components/drivers/ipc/ringbuffer.o
LOAD ./rt-thread/components/drivers/ipc/waitqueue.o
LOAD ./rt-thread/components/drivers/ipc/workqueue.o
LOAD ./ra_gen/common_data.o
LOAD ./ra_gen/hal_data.o
LOAD ./ra_gen/main.o
LOAD ./ra_gen/pin_data.o
LOAD ./ra_gen/vector_data.o
LOAD ./ra/fsp/src/r_sci_uart/r_sci_uart.o
LOAD ./ra/fsp/src/r_ioport/r_ioport.o
LOAD ./ra/fsp/src/r_icu/r_icu.o
LOAD ./ra/fsp/src/bsp/mcu/all/bsp_clocks.o
LOAD ./ra/fsp/src/bsp/mcu/all/bsp_common.o
LOAD ./ra/fsp/src/bsp/mcu/all/bsp_delay.o
LOAD ./ra/fsp/src/bsp/mcu/all/bsp_group_irq.o
LOAD ./ra/fsp/src/bsp/mcu/all/bsp_guard.o
LOAD ./ra/fsp/src/bsp/mcu/all/bsp_io.o
LOAD ./ra/fsp/src/bsp/mcu/all/bsp_irq.o
LOAD ./ra/fsp/src/bsp/mcu/all/bsp_register_protection.o
LOAD ./ra/fsp/src/bsp/mcu/all/bsp_rom_registers.o
LOAD ./ra/fsp/src/bsp/mcu/all/bsp_sbrk.o
LOAD ./ra/fsp/src/bsp/mcu/all/bsp_security.o
LOAD ./ra/fsp/src/bsp/cmsis/Device/RENESAS/Source/startup.o
LOAD ./ra/fsp/src/bsp/cmsis/Device/RENESAS/Source/system.o
LOAD ./libraries/HAL_Drivers/drv_common.o
LOAD ./libraries/HAL_Drivers/drv_gpio.o
LOAD ./libraries/HAL_Drivers/drv_usart_v2.o
LOAD ./board/ports/drv_rw007.o
LOAD d:/rt-threadstudio/repo/extract/toolchain_support_packages/arm/gnu_tools_for_arm_embedded_processors/10.2.1/bin/../lib/gcc/arm-none-eabi/10.2.1/../../../../arm-none-eabi/lib/thumb/v8-m.main+fp/hard\libm.a
LOAD d:/rt-threadstudio/repo/extract/toolchain_support_packages/arm/gnu_tools_for_arm_embedded_processors/10.2.1/bin/../lib/gcc/arm-none-eabi/10.2.1/../../../../arm-none-eabi/lib/thumb/v8-m.main+fp/hard\libc.a
START GROUP
LOAD d:/rt-threadstudio/repo/extract/toolchain_support_packages/arm/gnu_tools_for_arm_embedded_processors/10.2.1/bin/../lib/gcc/arm-none-eabi/10.2.1/thumb/v8-m.main+fp/hard\libgcc.a
LOAD d:/rt-threadstudio/repo/extract/toolchain_support_packages/arm/gnu_tools_for_arm_embedded_processors/10.2.1/bin/../lib/gcc/arm-none-eabi/10.2.1/../../../../arm-none-eabi/lib/thumb/v8-m.main+fp/hard\libc.a
END GROUP
LOAD d:/rt-threadstudio/repo/extract/toolchain_support_packages/arm/gnu_tools_for_arm_embedded_processors/10.2.1/bin/../lib/gcc/arm-none-eabi/10.2.1/thumb/v8-m.main+fp/hard/crtend.o
LOAD d:/rt-threadstudio/repo/extract/toolchain_support_packages/arm/gnu_tools_for_arm_embedded_processors/10.2.1/bin/../lib/gcc/arm-none-eabi/10.2.1/thumb/v8-m.main+fp/hard/crtn.o
                0x20000000                RAM_START = 0x20000000
                0x00040000                RAM_LENGTH = 0x40000
                0x00000000                FLASH_START = 0x0
                0x00100000                FLASH_LENGTH = 0x100000
                0x08000000                DATA_FLASH_START = 0x8000000
                0x00002000                DATA_FLASH_LENGTH = 0x2000
                0x0100a100                OPTION_SETTING_START = 0x100a100
                0x00000100                OPTION_SETTING_LENGTH = 0x100
                0x0100a200                OPTION_SETTING_S_START = 0x100a200
                0x00000100                OPTION_SETTING_S_LENGTH = 0x100
                0x00000000                ID_CODE_START = 0x0
                0x00000000                ID_CODE_LENGTH = 0x0
                0x90000000                SDRAM_START = 0x90000000
                0x00000000                SDRAM_LENGTH = 0x0
                0x60000000                QSPI_FLASH_START = 0x60000000
                0x04000000                QSPI_FLASH_LENGTH = 0x4000000
                0x68000000                OSPI_DEVICE_0_START = 0x68000000
                0x08000000                OSPI_DEVICE_0_LENGTH = 0x8000000
                0x70000000                OSPI_DEVICE_1_START = 0x70000000
                0x10000000                OSPI_DEVICE_1_LENGTH = 0x10000000
                0x04000000                QSPI_FLASH_PRV_LENGTH = DEFINED (QSPI_FLASH_SIZE)?ABSOLUTE (QSPI_FLASH_SIZE):ABSOLUTE (QSPI_FLASH_LENGTH)
                0x08000000                OSPI_DEVICE_0_PRV_LENGTH = DEFINED (OSPI_DEVICE_0_SIZE)?ABSOLUTE (OSPI_DEVICE_0_SIZE):ABSOLUTE (OSPI_DEVICE_0_LENGTH)
                0x10000000                OSPI_DEVICE_1_PRV_LENGTH = DEFINED (OSPI_DEVICE_1_SIZE)?ABSOLUTE (OSPI_DEVICE_1_SIZE):ABSOLUTE (OSPI_DEVICE_1_LENGTH)
                0x00000000                __RESERVE_NS_RAM = ((! (DEFINED (PROJECT_NONSECURE)) && DEFINED (RAM_NS_BUFFER_LENGTH)) && (OPTION_SETTING_S_LENGTH != 0x0))
                0x00000000                RAM_NS_BUFFER_BLOCK_LENGTH = DEFINED (RAM_NS_BUFFER_LENGTH)?ALIGN (RAM_NS_BUFFER_LENGTH, 0x2000):0x0
                0x00000000                RAM_NS_BUFFER_LENGTH = DEFINED (RAM_NS_BUFFER_LENGTH)?RAM_NS_BUFFER_LENGTH:0x0
                0x20040000                RAM_NS_BUFFER_START = ((RAM_START + RAM_LENGTH) - RAM_NS_BUFFER_LENGTH)
                0x20040000                RAM_NS_BUFFER_BLOCK_START = ((RAM_START + RAM_LENGTH) - RAM_NS_BUFFER_BLOCK_LENGTH)
                0x0100a180                OPTION_SETTING_START_NS = 0x100a180
                0x00000001                __bl_FSP_BOOTABLE_IMAGE = 0x1
                0x00000001                __bln_FSP_BOOTABLE_IMAGE = 0x1
                0x00000001                PROJECT_SECURE_OR_FLAT = ((! (DEFINED (PROJECT_NONSECURE)) && OPTION_SETTING_LENGTH) && ! (DEFINED (FSP_BOOTABLE_IMAGE)))
                0x00000000                USE_OPTION_SETTING_NS = (DEFINED (PROJECT_NONSECURE) && ! (DEFINED (FSP_BOOTABLE_IMAGE)))
                0x00000000                __bl_FLASH_IMAGE_START = ! (DEFINED (FLASH_BOOTLOADER_LENGTH))?0x0:(FLASH_APPLICATION_IMAGE_NUMBER == 0x1)?(FLASH_BOOTLOADER_LENGTH + FLASH_BOOTLOADER_HEADER_LENGTH):(((FLASH_BOOTLOADER_LENGTH + FLASH_BOOTLOADER_SCRATCH_LENGTH) + FLASH_APPLICATION_S_LENGTH) + FLASH_BOOTLOADER_HEADER_LENGTH)
                0x00000000                __bl_FLASH_IMAGE_LENGTH = ! (DEFINED (FLASH_BOOTLOADER_LENGTH))?0x0:(FLASH_APPLICATION_S_LENGTH - FLASH_BOOTLOADER_HEADER_LENGTH)
                0x00000000                __bl_FLASH_IMAGE_END = (__bl_FLASH_IMAGE_START + __bl_FLASH_IMAGE_LENGTH)
                0x00000000                __bl_FLASH_NS_START = ! (DEFINED (FLASH_BOOTLOADER_LENGTH))?0x0:(FLASH_APPLICATION_NS_LENGTH == 0x0)?__bl_FLASH_IMAGE_END:((__bl_FLASH_IMAGE_START - FLASH_BOOTLOADER_HEADER_LENGTH) + FLASH_APPLICATION_S_LENGTH)
                0x00000000                __bl_FLASH_NSC_START = ! (DEFINED (FLASH_BOOTLOADER_LENGTH))?0x0:(FLASH_APPLICATION_NS_LENGTH == 0x0)?__bl_FLASH_IMAGE_END:(__bl_FLASH_NS_START - FLASH_APPLICATION_NSC_LENGTH)
                0x00000000                __bl_RAM_NS_START = ! (DEFINED (FLASH_BOOTLOADER_LENGTH))?0x0:(FLASH_APPLICATION_NS_LENGTH == 0x0)?(RAM_START + RAM_LENGTH):((RAM_START + RAM_LENGTH) - RAM_APPLICATION_NS_LENGTH)
                0x00000000                __bl_RAM_NSC_START = ! (DEFINED (FLASH_BOOTLOADER_LENGTH))?0x0:(FLASH_APPLICATION_NS_LENGTH == 0x0)?(RAM_START + RAM_LENGTH):(__bl_RAM_NS_START - RAM_APPLICATION_NSC_LENGTH)
                0x00000000                __bl_FLASH_NS_IMAGE_START = ! (DEFINED (FLASH_BOOTLOADER_LENGTH))?0x0:(FLASH_APPLICATION_NS_LENGTH == 0x0)?__bl_FLASH_IMAGE_END:(__bl_FLASH_NS_START + FLASH_BOOTLOADER_HEADER_LENGTH_2)
                0x00000000                __bln_FLASH_IMAGE_START = __bl_FLASH_NS_IMAGE_START
                0x00000000                __bln_FLASH_IMAGE_LENGTH = ! (DEFINED (FLASH_BOOTLOADER_LENGTH))?0x0:(FLASH_APPLICATION_NS_LENGTH == 0x0)?__bl_FLASH_IMAGE_END:(FLASH_APPLICATION_NS_LENGTH - FLASH_BOOTLOADER_HEADER_LENGTH_2)
                0x00000000                FLASH_ORIGIN = DEFINED (FLASH_IMAGE_START)?FLASH_IMAGE_START:FLASH_START
                0x00100000                LIMITED_FLASH_LENGTH = DEFINED (FLASH_IMAGE_LENGTH)?FLASH_IMAGE_LENGTH:DEFINED (FLASH_BOOTLOADER_LENGTH)?FLASH_BOOTLOADER_LENGTH:FLASH_LENGTH
START GROUP
LOAD d:/rt-threadstudio/repo/extract/toolchain_support_packages/arm/gnu_tools_for_arm_embedded_processors/10.2.1/bin/../lib/gcc/arm-none-eabi/10.2.1/thumb/v8-m.main+fp/hard\libgcc.a
LOAD d:/rt-threadstudio/repo/extract/toolchain_support_packages/arm/gnu_tools_for_arm_embedded_processors/10.2.1/bin/../lib/gcc/arm-none-eabi/10.2.1/../../../../arm-none-eabi/lib/thumb/v8-m.main+fp/hard\libc.a
LOAD d:/rt-threadstudio/repo/extract/toolchain_support_packages/arm/gnu_tools_for_arm_embedded_processors/10.2.1/bin/../lib/gcc/arm-none-eabi/10.2.1/../../../../arm-none-eabi/lib/thumb/v8-m.main+fp/hard\libm.a
LOAD d:/rt-threadstudio/repo/extract/toolchain_support_packages/arm/gnu_tools_for_arm_embedded_processors/10.2.1/bin/../lib/gcc/arm-none-eabi/10.2.1/../../../../arm-none-eabi/lib/thumb/v8-m.main+fp/hard\libnosys.a
END GROUP

.text           0x00000000     0xd524
                0x00000000                __tz_FLASH_S = ABSOLUTE (FLASH_START)
                0x00000000                __ROM_Start = .
 *(.fixed_vectors*)
 .fixed_vectors
                0x00000000       0x40 ./ra/fsp/src/bsp/cmsis/Device/RENESAS/Source/startup.o
                0x00000000                __Vectors
 *(.application_vectors*)
 .application_vectors
                0x00000040      0x180 ./ra_gen/vector_data.o
                0x00000040                g_vector_table
                0x000001c0                __Vectors_End = .
                0x000001c0                . = (OPTION_SETTING_LENGTH > 0x0)?.:(__ROM_Start + 0x400)
 *(.rom_registers*)
                0x000001c0                . = (OPTION_SETTING_LENGTH > 0x0)?.:(__ROM_Start + 0x500)
                0x00000200                . = ALIGN (0x80)
 *fill*         0x000001c0       0x40 ff
 *(.mcuboot_sce9_key*)
 *(.text*)
 .text          0x00000200       0x40 d:/rt-threadstudio/repo/extract/toolchain_support_packages/arm/gnu_tools_for_arm_embedded_processors/10.2.1/bin/../lib/gcc/arm-none-eabi/10.2.1/thumb/v8-m.main+fp/hard/crtbegin.o
 .text.hal_entry
                0x00000240       0x34 ./src/hal_entry.o
                0x00000240                hal_entry
 .text.irq_callback_test
                0x00000274       0x1c ./src/hal_entry.o
                0x00000274                irq_callback_test
 .text.icu_sample
                0x00000290       0x68 ./src/hal_entry.o
                0x00000290                icu_sample
 .text.rt_tick_get
                0x000002f8       0x18 ./rt-thread/src/clock.o
                0x000002f8                rt_tick_get
 .text.rt_tick_increase
                0x00000310       0x7c ./rt-thread/src/clock.o
                0x00000310                rt_tick_increase
 .text.rt_tick_from_millisecond
                0x0000038c       0x78 ./rt-thread/src/clock.o
                0x0000038c                rt_tick_from_millisecond
 .text.rti_start
                0x00000404       0x10 ./rt-thread/src/components.o
 .text.rti_board_start
                0x00000414       0x10 ./rt-thread/src/components.o
 .text.rti_board_end
                0x00000424       0x10 ./rt-thread/src/components.o
 .text.rti_end  0x00000434       0x10 ./rt-thread/src/components.o
 .text.rt_components_board_init
                0x00000444       0x34 ./rt-thread/src/components.o
                0x00000444                rt_components_board_init
 .text.rt_components_init
                0x00000478       0x34 ./rt-thread/src/components.o
                0x00000478                rt_components_init
 .text.entry    0x000004ac        0xe ./rt-thread/src/components.o
                0x000004ac                entry
 .text.main_thread_entry
                0x000004ba       0x18 ./rt-thread/src/components.o
                0x000004ba                main_thread_entry
 *fill*         0x000004d2        0x2 ff
 .text.rt_application_init
                0x000004d4       0x4c ./rt-thread/src/components.o
                0x000004d4                rt_application_init
 .text.rtthread_startup
                0x00000520       0x2e ./rt-thread/src/components.o
                0x00000520                rtthread_startup
 .text.rt_device_register
                0x0000054e       0x54 ./rt-thread/src/device.o
                0x0000054e                rt_device_register
 .text.rt_device_find
                0x000005a2       0x1a ./rt-thread/src/device.o
                0x000005a2                rt_device_find
 .text.rt_device_open
                0x000005bc      0x108 ./rt-thread/src/device.o
                0x000005bc                rt_device_open
 .text.rt_device_close
                0x000006c4       0x9c ./rt-thread/src/device.o
                0x000006c4                rt_device_close
 .text.rt_device_read
                0x00000760       0x88 ./rt-thread/src/device.o
                0x00000760                rt_device_read
 .text.rt_device_write
                0x000007e8       0x88 ./rt-thread/src/device.o
                0x000007e8                rt_device_write
 .text.rt_device_set_rx_indicate
                0x00000870       0x54 ./rt-thread/src/device.o
                0x00000870                rt_device_set_rx_indicate
 .text.rt_list_insert_after
                0x000008c4       0x32 ./rt-thread/src/idle.o
 .text.rt_list_remove
                0x000008f6       0x36 ./rt-thread/src/idle.o
 .text.rt_thread_defunct_enqueue
                0x0000092c       0x20 ./rt-thread/src/idle.o
                0x0000092c                rt_thread_defunct_enqueue
 .text.rt_thread_defunct_dequeue
                0x0000094c       0x44 ./rt-thread/src/idle.o
                0x0000094c                rt_thread_defunct_dequeue
 .text.rt_defunct_execute
                0x00000990       0x54 ./rt-thread/src/idle.o
 .text.rt_thread_idle_entry
                0x000009e4       0x38 ./rt-thread/src/idle.o
 .text.rt_thread_idle_init
                0x00000a1c       0x78 ./rt-thread/src/idle.o
                0x00000a1c                rt_thread_idle_init
 .text.rt_list_init
                0x00000a94       0x22 ./rt-thread/src/ipc.o
 .text.rt_list_insert_before
                0x00000ab6       0x32 ./rt-thread/src/ipc.o
 .text.rt_list_isempty
                0x00000ae8       0x24 ./rt-thread/src/ipc.o
 .text._ipc_object_init
                0x00000b0c       0x1c ./rt-thread/src/ipc.o
 .text._ipc_list_suspend
                0x00000b28       0xa4 ./rt-thread/src/ipc.o
 .text._ipc_list_resume
                0x00000bcc       0x20 ./rt-thread/src/ipc.o
 .text.rt_sem_init
                0x00000bec       0x88 ./rt-thread/src/ipc.o
                0x00000bec                rt_sem_init
 .text.rt_sem_take
                0x00000c74      0x190 ./rt-thread/src/ipc.o
                0x00000c74                rt_sem_take
 .text.rt_sem_release
                0x00000e04       0xbc ./rt-thread/src/ipc.o
                0x00000e04                rt_sem_release
 .text.rt_mutex_init
                0x00000ec0       0x64 ./rt-thread/src/ipc.o
                0x00000ec0                rt_mutex_init
 .text.rt_mutex_take
                0x00000f24      0x21c ./rt-thread/src/ipc.o
                0x00000f24                rt_mutex_take
 .text.rt_mutex_release
                0x00001140      0x1bc ./rt-thread/src/ipc.o
                0x00001140                rt_mutex_release
 .text.rt_interrupt_enter
                0x000012fc       0x40 ./rt-thread/src/irq.o
                0x000012fc                rt_interrupt_enter
 .text.rt_interrupt_leave
                0x0000133c       0x40 ./rt-thread/src/irq.o
                0x0000133c                rt_interrupt_leave
 .text.rt_interrupt_get_nest
                0x0000137c       0x28 ./rt-thread/src/irq.o
                0x0000137c                rt_interrupt_get_nest
 .text.rt_set_errno
                0x000013a4       0x40 ./rt-thread/src/kservice.o
                0x000013a4                rt_set_errno
 .text.rt_memset
                0x000013e4       0xb6 ./rt-thread/src/kservice.o
                0x000013e4                rt_memset
 .text.rt_memcpy
                0x0000149a       0xd2 ./rt-thread/src/kservice.o
                0x0000149a                rt_memcpy
 .text.rt_memmove
                0x0000156c       0x82 ./rt-thread/src/kservice.o
                0x0000156c                rt_memmove
 .text.rt_strncpy
                0x000015ee       0x64 ./rt-thread/src/kservice.o
                0x000015ee                rt_strncpy
 .text.rt_strncmp
                0x00001652       0x4a ./rt-thread/src/kservice.o
                0x00001652                rt_strncmp
 .text.rt_strlen
                0x0000169c       0x2e ./rt-thread/src/kservice.o
                0x0000169c                rt_strlen
 *fill*         0x000016ca        0x2 ff
 .text.rt_show_version
                0x000016cc       0x4c ./rt-thread/src/kservice.o
                0x000016cc                rt_show_version
 .text.divide   0x00001718       0x68 ./rt-thread/src/kservice.o
 .text.skip_atoi
                0x00001780       0x40 ./rt-thread/src/kservice.o
 .text.print_number
                0x000017c0      0x1dc ./rt-thread/src/kservice.o
 .text.rt_vsnprintf
                0x0000199c      0x4ac ./rt-thread/src/kservice.o
                0x0000199c                rt_vsnprintf
 .text.rt_vsprintf
                0x00001e48       0x24 ./rt-thread/src/kservice.o
                0x00001e48                rt_vsprintf
 .text.rt_sprintf
                0x00001e6c       0x2c ./rt-thread/src/kservice.o
                0x00001e6c                rt_sprintf
 .text.rt_console_get_device
                0x00001e98       0x18 ./rt-thread/src/kservice.o
                0x00001e98                rt_console_get_device
 .text.rt_console_set_device
                0x00001eb0       0x58 ./rt-thread/src/kservice.o
                0x00001eb0                rt_console_set_device
 .text.rt_hw_console_output
                0x00001f08       0x14 ./rt-thread/src/kservice.o
                0x00001f08                rt_hw_console_output
 .text.rt_kprintf
                0x00001f1c       0x60 ./rt-thread/src/kservice.o
                0x00001f1c                rt_kprintf
 .text._heap_lock_init
                0x00001f7c       0x1c ./rt-thread/src/kservice.o
 .text._heap_lock
                0x00001f98       0x28 ./rt-thread/src/kservice.o
 .text._heap_unlock
                0x00001fc0       0x40 ./rt-thread/src/kservice.o
 .text._smem_info
                0x00002000       0x4c ./rt-thread/src/kservice.o
 .text.rt_system_heap_init
                0x0000204c       0x64 ./rt-thread/src/kservice.o
                0x0000204c                rt_system_heap_init
 .text.rt_malloc
                0x000020b0       0x48 ./rt-thread/src/kservice.o
                0x000020b0                rt_malloc
 .text.rt_calloc
                0x000020f8       0x3c ./rt-thread/src/kservice.o
                0x000020f8                rt_calloc
 .text.rt_free  0x00002134       0x38 ./rt-thread/src/kservice.o
                0x00002134                rt_free
 .text.rt_memory_info
                0x0000216c       0x2a ./rt-thread/src/kservice.o
                0x0000216c                rt_memory_info
 *fill*         0x00002196        0x2 ff
 .text.rt_assert_handler
                0x00002198       0x4c ./rt-thread/src/kservice.o
                0x00002198                rt_assert_handler
 .text.plug_holes
                0x000021e4       0xf8 ./rt-thread/src/mem.o
 .text.rt_smem_init
                0x000022dc      0x104 ./rt-thread/src/mem.o
                0x000022dc                rt_smem_init
 .text.rt_smem_alloc
                0x000023e0      0x268 ./rt-thread/src/mem.o
                0x000023e0                rt_smem_alloc
 .text.rt_smem_free
                0x00002648      0x140 ./rt-thread/src/mem.o
                0x00002648                rt_smem_free
 .text.rt_list_insert_after
                0x00002788       0x32 ./rt-thread/src/object.o
 .text.rt_list_remove
                0x000027ba       0x36 ./rt-thread/src/object.o
 .text.rt_object_get_information
                0x000027f0       0x48 ./rt-thread/src/object.o
                0x000027f0                rt_object_get_information
 .text.rt_object_init
                0x00002838       0xcc ./rt-thread/src/object.o
                0x00002838                rt_object_init
 .text.rt_object_detach
                0x00002904       0x5c ./rt-thread/src/object.o
                0x00002904                rt_object_detach
 .text.rt_object_allocate
                0x00002960       0xd8 ./rt-thread/src/object.o
                0x00002960                rt_object_allocate
 .text.rt_object_delete
                0x00002a38       0x7c ./rt-thread/src/object.o
                0x00002a38                rt_object_delete
 .text.rt_object_is_systemobject
                0x00002ab4       0x3c ./rt-thread/src/object.o
                0x00002ab4                rt_object_is_systemobject
 .text.rt_object_get_type
                0x00002af0       0x34 ./rt-thread/src/object.o
                0x00002af0                rt_object_get_type
 .text.rt_object_find
                0x00002b24       0xb4 ./rt-thread/src/object.o
                0x00002b24                rt_object_find
 .text.rt_list_init
                0x00002bd8       0x22 ./rt-thread/src/scheduler.o
 .text.rt_list_insert_before
                0x00002bfa       0x32 ./rt-thread/src/scheduler.o
 .text.rt_list_remove
                0x00002c2c       0x36 ./rt-thread/src/scheduler.o
 .text.rt_list_isempty
                0x00002c62       0x24 ./rt-thread/src/scheduler.o
 *fill*         0x00002c86        0x2 ff
 .text._rt_scheduler_stack_check
                0x00002c88       0x94 ./rt-thread/src/scheduler.o
 .text._scheduler_get_highest_priority_thread
                0x00002d1c       0x38 ./rt-thread/src/scheduler.o
 .text.rt_system_scheduler_init
                0x00002d54       0x38 ./rt-thread/src/scheduler.o
                0x00002d54                rt_system_scheduler_init
 .text.rt_system_scheduler_start
                0x00002d8c       0x38 ./rt-thread/src/scheduler.o
                0x00002d8c                rt_system_scheduler_start
 .text.rt_schedule
                0x00002dc4      0x19c ./rt-thread/src/scheduler.o
                0x00002dc4                rt_schedule
 .text.rt_schedule_insert_thread
                0x00002f60       0xac ./rt-thread/src/scheduler.o
                0x00002f60                rt_schedule_insert_thread
 .text.rt_schedule_remove_thread
                0x0000300c       0x70 ./rt-thread/src/scheduler.o
                0x0000300c                rt_schedule_remove_thread
 .text.rt_enter_critical
                0x0000307c       0x2c ./rt-thread/src/scheduler.o
                0x0000307c                rt_enter_critical
 .text.rt_exit_critical
                0x000030a8       0x54 ./rt-thread/src/scheduler.o
                0x000030a8                rt_exit_critical
 .text.rt_critical_level
                0x000030fc       0x1c ./rt-thread/src/scheduler.o
                0x000030fc                rt_critical_level
 .text.rt_list_init
                0x00003118       0x22 ./rt-thread/src/thread.o
 .text.rt_list_remove
                0x0000313a       0x36 ./rt-thread/src/thread.o
 .text._thread_exit
                0x00003170       0x42 ./rt-thread/src/thread.o
 *fill*         0x000031b2        0x2 ff
 .text._thread_timeout
                0x000031b4       0x8c ./rt-thread/src/thread.o
 .text._thread_init
                0x00003240       0xfc ./rt-thread/src/thread.o
 .text.rt_thread_init
                0x0000333c       0x70 ./rt-thread/src/thread.o
                0x0000333c                rt_thread_init
 .text.rt_thread_self
                0x000033ac       0x18 ./rt-thread/src/thread.o
                0x000033ac                rt_thread_self
 .text.rt_thread_startup
                0x000033c4       0x94 ./rt-thread/src/thread.o
                0x000033c4                rt_thread_startup
 .text.rt_thread_detach
                0x00003458       0xb0 ./rt-thread/src/thread.o
                0x00003458                rt_thread_detach
 .text.rt_thread_create
                0x00003508       0x62 ./rt-thread/src/thread.o
                0x00003508                rt_thread_create
 *fill*         0x0000356a        0x2 ff
 .text.rt_thread_delete
                0x0000356c       0xb0 ./rt-thread/src/thread.o
                0x0000356c                rt_thread_delete
 .text.rt_thread_sleep
                0x0000361c       0x94 ./rt-thread/src/thread.o
                0x0000361c                rt_thread_sleep
 .text.rt_thread_delay
                0x000036b0       0x18 ./rt-thread/src/thread.o
                0x000036b0                rt_thread_delay
 .text.rt_thread_mdelay
                0x000036c8       0x20 ./rt-thread/src/thread.o
                0x000036c8                rt_thread_mdelay
 .text.rt_thread_control
                0x000036e8       0xfc ./rt-thread/src/thread.o
                0x000036e8                rt_thread_control
 .text.rt_thread_suspend
                0x000037e4       0xc8 ./rt-thread/src/thread.o
                0x000037e4                rt_thread_suspend
 .text.rt_thread_resume
                0x000038ac       0x98 ./rt-thread/src/thread.o
                0x000038ac                rt_thread_resume
 .text.rt_list_init
                0x00003944       0x22 ./rt-thread/src/timer.o
 .text.rt_list_insert_after
                0x00003966       0x32 ./rt-thread/src/timer.o
 .text.rt_list_remove
                0x00003998       0x36 ./rt-thread/src/timer.o
 .text.rt_list_isempty
                0x000039ce       0x24 ./rt-thread/src/timer.o
 .text._timer_init
                0x000039f2       0x6a ./rt-thread/src/timer.o
 .text._timer_list_next_timeout
                0x00003a5c       0x48 ./rt-thread/src/timer.o
 .text._timer_remove
                0x00003aa4       0x36 ./rt-thread/src/timer.o
 *fill*         0x00003ada        0x2 ff
 .text.rt_timer_init
                0x00003adc       0x7c ./rt-thread/src/timer.o
                0x00003adc                rt_timer_init
 .text.rt_timer_detach
                0x00003b58       0x90 ./rt-thread/src/timer.o
                0x00003b58                rt_timer_detach
 .text.rt_timer_start
                0x00003be8      0x224 ./rt-thread/src/timer.o
                0x00003be8                rt_timer_start
 .text.rt_timer_stop
                0x00003e0c       0x94 ./rt-thread/src/timer.o
                0x00003e0c                rt_timer_stop
 .text.rt_timer_control
                0x00003ea0       0xf8 ./rt-thread/src/timer.o
                0x00003ea0                rt_timer_control
 .text.rt_timer_check
                0x00003f98      0x108 ./rt-thread/src/timer.o
                0x00003f98                rt_timer_check
 .text.rt_soft_timer_check
                0x000040a0      0x11c ./rt-thread/src/timer.o
                0x000040a0                rt_soft_timer_check
 .text._timer_thread_entry
                0x000041bc       0x5c ./rt-thread/src/timer.o
 .text.rt_system_timer_init
                0x00004218       0x34 ./rt-thread/src/timer.o
                0x00004218                rt_system_timer_init
 .text.rt_system_timer_thread_init
                0x0000424c       0x68 ./rt-thread/src/timer.o
                0x0000424c                rt_system_timer_thread_init
 .text          0x000042b4      0x13c ./rt-thread/libcpu/arm/cortex-m4/context_gcc.o
                0x000042b4                rt_hw_interrupt_disable
                0x000042bc                rt_hw_interrupt_enable
                0x000042c2                rt_hw_context_switch_interrupt
                0x000042c2                rt_hw_context_switch
                0x000042e2                PendSV_Handler
                0x0000434e                rt_hw_context_switch_to
                0x00004394                rt_hw_interrupt_thread_switch
                0x00004398                HardFault_Handler
 .text.rt_hw_stack_init
                0x000043f0       0x90 ./rt-thread/libcpu/arm/cortex-m4/cpuport.o
                0x000043f0                rt_hw_stack_init
 .text.usage_fault_track
                0x00004480       0xc4 ./rt-thread/libcpu/arm/cortex-m4/cpuport.o
 .text.bus_fault_track
                0x00004544       0xcc ./rt-thread/libcpu/arm/cortex-m4/cpuport.o
 .text.mem_manage_fault_track
                0x00004610       0xb4 ./rt-thread/libcpu/arm/cortex-m4/cpuport.o
 .text.hard_fault_track
                0x000046c4       0x78 ./rt-thread/libcpu/arm/cortex-m4/cpuport.o
 .text.rt_hw_hard_fault_exception
                0x0000473c      0x184 ./rt-thread/libcpu/arm/cortex-m4/cpuport.o
                0x0000473c                rt_hw_hard_fault_exception
 .text.__rt_ffs
                0x000048c0       0x2a ./rt-thread/libcpu/arm/cortex-m4/cpuport.o
                0x000048c0                __rt_ffs
 .text.rt_list_isempty
                0x000048ea       0x24 ./rt-thread/components/finsh/cmd.o
 .text.rt_list_len
                0x0000490e       0x36 ./rt-thread/components/finsh/cmd.o
 .text.clear    0x00004944       0x14 ./rt-thread/components/finsh/cmd.o
 .text.version  0x00004958        0xe ./rt-thread/components/finsh/cmd.o
                0x00004958                version
 *fill*         0x00004966        0x2 ff
 .text.object_split
                0x00004968       0x28 ./rt-thread/components/finsh/cmd.o
 .text.list_find_init
                0x00004990       0x46 ./rt-thread/components/finsh/cmd.o
 .text.list_get_next
                0x000049d6       0xc6 ./rt-thread/components/finsh/cmd.o
 .text.list_thread
                0x00004a9c      0x208 ./rt-thread/components/finsh/cmd.o
                0x00004a9c                list_thread
 .text.show_wait_queue
                0x00004ca4       0x54 ./rt-thread/components/finsh/cmd.o
 .text.list_sem
                0x00004cf8      0x12c ./rt-thread/components/finsh/cmd.o
                0x00004cf8                list_sem
 .text.list_event
                0x00004e24      0x118 ./rt-thread/components/finsh/cmd.o
                0x00004e24                list_event
 .text.list_mutex
                0x00004f3c       0xe8 ./rt-thread/components/finsh/cmd.o
                0x00004f3c                list_mutex
 .text.list_mailbox
                0x00005024      0x13c ./rt-thread/components/finsh/cmd.o
                0x00005024                list_mailbox
 .text.list_msgqueue
                0x00005160      0x12c ./rt-thread/components/finsh/cmd.o
                0x00005160                list_msgqueue
 .text.list_timer
                0x0000528c      0x128 ./rt-thread/components/finsh/cmd.o
                0x0000528c                list_timer
 .text.list_device
                0x000053b4       0xf0 ./rt-thread/components/finsh/cmd.o
                0x000053b4                list_device
 .text.msh_help
                0x000054a4       0x5c ./rt-thread/components/finsh/msh.o
                0x000054a4                msh_help
 .text.cmd_ps   0x00005500       0x18 ./rt-thread/components/finsh/msh.o
                0x00005500                cmd_ps
 .text.cmd_free
                0x00005518       0x5c ./rt-thread/components/finsh/msh.o
                0x00005518                cmd_free
 .text.msh_split
                0x00005574      0x170 ./rt-thread/components/finsh/msh.o
 .text.msh_get_cmd
                0x000056e4       0x64 ./rt-thread/components/finsh/msh.o
 .text._msh_exec_cmd
                0x00005748       0xd4 ./rt-thread/components/finsh/msh.o
 .text.msh_exec
                0x0000581c       0x8c ./rt-thread/components/finsh/msh.o
                0x0000581c                msh_exec
 .text.str_common
                0x000058a8       0x4a ./rt-thread/components/finsh/msh.o
 *fill*         0x000058f2        0x2 ff
 .text.msh_auto_complete
                0x000058f4       0xb0 ./rt-thread/components/finsh/msh.o
                0x000058f4                msh_auto_complete
 .text.finsh_get_prompt
                0x000059a4       0x7c ./rt-thread/components/finsh/shell.o
                0x000059a4                finsh_get_prompt
 .text.finsh_set_prompt_mode
                0x00005a20       0x48 ./rt-thread/components/finsh/shell.o
                0x00005a20                finsh_set_prompt_mode
 .text.finsh_getchar
                0x00005a68       0x90 ./rt-thread/components/finsh/shell.o
                0x00005a68                finsh_getchar
 .text.finsh_rx_ind
                0x00005af8       0x3c ./rt-thread/components/finsh/shell.o
 .text.finsh_set_device
                0x00005b34       0xd8 ./rt-thread/components/finsh/shell.o
                0x00005b34                finsh_set_device
 .text.shell_auto_complete
                0x00005c0c       0x34 ./rt-thread/components/finsh/shell.o
 .text.shell_handle_history
                0x00005c40       0x34 ./rt-thread/components/finsh/shell.o
 .text.shell_push_history
                0x00005c74      0x15e ./rt-thread/components/finsh/shell.o
 *fill*         0x00005dd2        0x2 ff
 .text.finsh_thread_entry
                0x00005dd4      0x5cc ./rt-thread/components/finsh/shell.o
                0x00005dd4                finsh_thread_entry
 .text.finsh_system_function_init
                0x000063a0       0x2c ./rt-thread/components/finsh/shell.o
                0x000063a0                finsh_system_function_init
 .text.finsh_system_init
                0x000063cc       0x9c ./rt-thread/components/finsh/shell.o
                0x000063cc                finsh_system_init
 .text.rt_serial_get_linear_buffer
                0x00006468       0x8c ./rt-thread/components/drivers/serial/serial_v2.o
 .text.rt_serial_update_read_index
                0x000064f4       0xcc ./rt-thread/components/drivers/serial/serial_v2.o
 .text.rt_serial_update_write_index
                0x000065c0       0xe8 ./rt-thread/components/drivers/serial/serial_v2.o
 .text._serial_poll_rx
                0x000066a8       0xa4 ./rt-thread/components/drivers/serial/serial_v2.o
                0x000066a8                _serial_poll_rx
 .text._serial_poll_tx
                0x0000674c       0x9c ./rt-thread/components/drivers/serial/serial_v2.o
                0x0000674c                _serial_poll_tx
 .text._serial_fifo_rx
                0x000067e8       0xf4 ./rt-thread/components/drivers/serial/serial_v2.o
 .text._serial_fifo_tx_blocking_nbuf
                0x000068dc       0xb0 ./rt-thread/components/drivers/serial/serial_v2.o
 .text._serial_fifo_tx_blocking_buf
                0x0000698c      0x118 ./rt-thread/components/drivers/serial/serial_v2.o
 .text._serial_fifo_tx_nonblocking
                0x00006aa4       0xd4 ./rt-thread/components/drivers/serial/serial_v2.o
 .text.rt_serial_tx_enable
                0x00006b78      0x1e8 ./rt-thread/components/drivers/serial/serial_v2.o
 .text.rt_serial_rx_enable
                0x00006d60      0x15c ./rt-thread/components/drivers/serial/serial_v2.o
 .text.rt_serial_rx_disable
                0x00006ebc       0xb4 ./rt-thread/components/drivers/serial/serial_v2.o
 .text.rt_serial_tx_disable
                0x00006f70       0xc0 ./rt-thread/components/drivers/serial/serial_v2.o
 .text.rt_serial_init
                0x00007030       0x5c ./rt-thread/components/drivers/serial/serial_v2.o
 .text.rt_serial_open
                0x0000708c       0xf4 ./rt-thread/components/drivers/serial/serial_v2.o
 .text.rt_serial_close
                0x00007180       0x90 ./rt-thread/components/drivers/serial/serial_v2.o
 .text.rt_serial_control
                0x00007210       0xb8 ./rt-thread/components/drivers/serial/serial_v2.o
 .text.rt_hw_serial_register
                0x000072c8       0x94 ./rt-thread/components/drivers/serial/serial_v2.o
                0x000072c8                rt_hw_serial_register
 .text.rt_hw_serial_isr
                0x0000735c      0x210 ./rt-thread/components/drivers/serial/serial_v2.o
                0x0000735c                rt_hw_serial_isr
 .text._pin_read
                0x0000756c       0x60 ./rt-thread/components/drivers/misc/pin.o
 .text._pin_write
                0x000075cc       0x5c ./rt-thread/components/drivers/misc/pin.o
 .text._pin_control
                0x00007628       0x58 ./rt-thread/components/drivers/misc/pin.o
 .text.rt_device_pin_register
                0x00007680       0x74 ./rt-thread/components/drivers/misc/pin.o
                0x00007680                rt_device_pin_register
 .text.rt_pin_attach_irq
                0x000076f4       0x5c ./rt-thread/components/drivers/misc/pin.o
                0x000076f4                rt_pin_attach_irq
 .text.rt_pin_irq_enable
                0x00007750       0x50 ./rt-thread/components/drivers/misc/pin.o
                0x00007750                rt_pin_irq_enable
 .text.rt_pin_write
                0x000077a0       0x40 ./rt-thread/components/drivers/misc/pin.o
                0x000077a0                rt_pin_write
 .text.rt_pin_get
                0x000077e0       0x60 ./rt-thread/components/drivers/misc/pin.o
                0x000077e0                rt_pin_get
 .text.rt_list_init
                0x00007840       0x22 ./rt-thread/components/drivers/ipc/completion.o
 .text.rt_list_insert_before
                0x00007862       0x32 ./rt-thread/components/drivers/ipc/completion.o
 .text.rt_list_isempty
                0x00007894       0x24 ./rt-thread/components/drivers/ipc/completion.o
 .text.rt_completion_init
                0x000078b8       0x44 ./rt-thread/components/drivers/ipc/completion.o
                0x000078b8                rt_completion_init
 .text.rt_completion_wait
                0x000078fc      0x15c ./rt-thread/components/drivers/ipc/completion.o
                0x000078fc                rt_completion_wait
 .text.rt_completion_done
                0x00007a58       0x70 ./rt-thread/components/drivers/ipc/completion.o
                0x00007a58                rt_completion_done
 .text.rt_ringbuffer_status
                0x00007ac8       0x4e ./rt-thread/components/drivers/ipc/ringbuffer.o
 *fill*         0x00007b16        0x2 ff
 .text.rt_ringbuffer_init
                0x00007b18       0xa0 ./rt-thread/components/drivers/ipc/ringbuffer.o
                0x00007b18                rt_ringbuffer_init
 .text.rt_ringbuffer_put
                0x00007bb8      0x16c ./rt-thread/components/drivers/ipc/ringbuffer.o
                0x00007bb8                rt_ringbuffer_put
 .text.rt_ringbuffer_get
                0x00007d24      0x15c ./rt-thread/components/drivers/ipc/ringbuffer.o
                0x00007d24                rt_ringbuffer_get
 .text.rt_ringbuffer_putchar
                0x00007e80       0xbc ./rt-thread/components/drivers/ipc/ringbuffer.o
                0x00007e80                rt_ringbuffer_putchar
 .text.rt_ringbuffer_data_len
                0x00007f3c       0x66 ./rt-thread/components/drivers/ipc/ringbuffer.o
                0x00007f3c                rt_ringbuffer_data_len
 .text.main     0x00007fa2        0xe ./ra_gen/main.o
                0x00007fa2                main
 .text.R_FSP_CurrentIrqGet
                0x00007fb0       0x2c ./ra/fsp/src/r_sci_uart/r_sci_uart.o
 .text.R_FSP_IsrContextSet
                0x00007fdc       0x28 ./ra/fsp/src/r_sci_uart/r_sci_uart.o
 .text.R_BSP_IrqStatusClear
                0x00008004       0x30 ./ra/fsp/src/r_sci_uart/r_sci_uart.o
 .text.R_BSP_IrqClearPending
                0x00008034       0x40 ./ra/fsp/src/r_sci_uart/r_sci_uart.o
 .text.R_BSP_IrqCfg
                0x00008074       0x3c ./ra/fsp/src/r_sci_uart/r_sci_uart.o
 .text.R_BSP_IrqEnableNoClear
                0x000080b0       0x38 ./ra/fsp/src/r_sci_uart/r_sci_uart.o
 .text.R_BSP_IrqEnable
                0x000080e8       0x26 ./ra/fsp/src/r_sci_uart/r_sci_uart.o
 *fill*         0x0000810e        0x2 ff
 .text.R_BSP_IrqDisable
                0x00008110       0x48 ./ra/fsp/src/r_sci_uart/r_sci_uart.o
 .text.R_FSP_IsrContextGet
                0x00008158       0x24 ./ra/fsp/src/r_sci_uart/r_sci_uart.o
 .text.R_SCI_UART_Open
                0x0000817c      0x1ac ./ra/fsp/src/r_sci_uart/r_sci_uart.o
                0x0000817c                R_SCI_UART_Open
 .text.r_sci_uart_config_set
                0x00008328      0x120 ./ra/fsp/src/r_sci_uart/r_sci_uart.o
 .text.r_sci_irq_cfg
                0x00008448       0x3a ./ra/fsp/src/r_sci_uart/r_sci_uart.o
 .text.r_sci_irqs_cfg
                0x00008482       0x5a ./ra/fsp/src/r_sci_uart/r_sci_uart.o
 .text.r_sci_uart_baud_set
                0x000084dc       0x58 ./ra/fsp/src/r_sci_uart/r_sci_uart.o
 .text.r_sci_uart_call_callback
                0x00008534       0x76 ./ra/fsp/src/r_sci_uart/r_sci_uart.o
 .text.sci_uart_txi_isr
                0x000085aa       0xd0 ./ra/fsp/src/r_sci_uart/r_sci_uart.o
                0x000085aa                sci_uart_txi_isr
 .text.sci_uart_rxi_isr
                0x0000867a       0xbc ./ra/fsp/src/r_sci_uart/r_sci_uart.o
                0x0000867a                sci_uart_rxi_isr
 .text.sci_uart_tei_isr
                0x00008736       0x4a ./ra/fsp/src/r_sci_uart/r_sci_uart.o
                0x00008736                sci_uart_tei_isr
 .text.sci_uart_eri_isr
                0x00008780       0xa8 ./ra/fsp/src/r_sci_uart/r_sci_uart.o
                0x00008780                sci_uart_eri_isr
 .text.R_BSP_PinRead
                0x00008828       0x38 ./ra/fsp/src/r_ioport/r_ioport.o
 .text.R_BSP_PinAccessEnable
                0x00008860       0x60 ./ra/fsp/src/r_ioport/r_ioport.o
 .text.R_BSP_PinAccessDisable
                0x000088c0       0x68 ./ra/fsp/src/r_ioport/r_ioport.o
 .text.R_IOPORT_Open
                0x00008928       0x28 ./ra/fsp/src/r_ioport/r_ioport.o
                0x00008928                R_IOPORT_Open
 .text.R_IOPORT_Close
                0x00008950       0x20 ./ra/fsp/src/r_ioport/r_ioport.o
                0x00008950                R_IOPORT_Close
 .text.R_IOPORT_PinsCfg
                0x00008970       0x1a ./ra/fsp/src/r_ioport/r_ioport.o
                0x00008970                R_IOPORT_PinsCfg
 .text.R_IOPORT_PinCfg
                0x0000898a       0x46 ./ra/fsp/src/r_ioport/r_ioport.o
                0x0000898a                R_IOPORT_PinCfg
 .text.R_IOPORT_PinRead
                0x000089d0       0x28 ./ra/fsp/src/r_ioport/r_ioport.o
                0x000089d0                R_IOPORT_PinRead
 .text.R_IOPORT_PortRead
                0x000089f8       0x3a ./ra/fsp/src/r_ioport/r_ioport.o
                0x000089f8                R_IOPORT_PortRead
 .text.R_IOPORT_PortWrite
                0x00008a32       0x62 ./ra/fsp/src/r_ioport/r_ioport.o
                0x00008a32                R_IOPORT_PortWrite
 .text.R_IOPORT_PinWrite
                0x00008a94       0x6e ./ra/fsp/src/r_ioport/r_ioport.o
                0x00008a94                R_IOPORT_PinWrite
 .text.R_IOPORT_PortDirectionSet
                0x00008b02       0x72 ./ra/fsp/src/r_ioport/r_ioport.o
                0x00008b02                R_IOPORT_PortDirectionSet
 .text.R_IOPORT_PortEventInputRead
                0x00008b74       0x3e ./ra/fsp/src/r_ioport/r_ioport.o
                0x00008b74                R_IOPORT_PortEventInputRead
 .text.R_IOPORT_PinEventInputRead
                0x00008bb2       0x62 ./ra/fsp/src/r_ioport/r_ioport.o
                0x00008bb2                R_IOPORT_PinEventInputRead
 .text.R_IOPORT_PortEventOutputWrite
                0x00008c14       0x62 ./ra/fsp/src/r_ioport/r_ioport.o
                0x00008c14                R_IOPORT_PortEventOutputWrite
 .text.R_IOPORT_PinEventOutputWrite
                0x00008c76       0x5e ./ra/fsp/src/r_ioport/r_ioport.o
                0x00008c76                R_IOPORT_PinEventOutputWrite
 .text.R_IOPORT_EthernetModeCfg
                0x00008cd4       0x28 ./ra/fsp/src/r_ioport/r_ioport.o
                0x00008cd4                R_IOPORT_EthernetModeCfg
 .text.r_ioport_pins_config
                0x00008cfc       0x56 ./ra/fsp/src/r_ioport/r_ioport.o
 .text.r_ioport_hw_pin_event_output_data_write
                0x00008d52       0x88 ./ra/fsp/src/r_ioport/r_ioport.o
 *fill*         0x00008dda        0x2 ff
 .text.r_ioport_pfs_write
                0x00008ddc       0x78 ./ra/fsp/src/r_ioport/r_ioport.o
 .text.bsp_vbatt_init
                0x00008e54       0xd8 ./ra/fsp/src/r_ioport/r_ioport.o
 .text.R_FSP_CurrentIrqGet
                0x00008f2c       0x2c ./ra/fsp/src/r_icu/r_icu.o
 .text.R_FSP_IsrContextSet
                0x00008f58       0x28 ./ra/fsp/src/r_icu/r_icu.o
 .text.R_BSP_IrqStatusClear
                0x00008f80       0x30 ./ra/fsp/src/r_icu/r_icu.o
 .text.R_BSP_IrqClearPending
                0x00008fb0       0x40 ./ra/fsp/src/r_icu/r_icu.o
 .text.R_BSP_IrqCfg
                0x00008ff0       0x3c ./ra/fsp/src/r_icu/r_icu.o
 .text.R_BSP_IrqEnableNoClear
                0x0000902c       0x38 ./ra/fsp/src/r_icu/r_icu.o
 .text.R_BSP_IrqEnable
                0x00009064       0x26 ./ra/fsp/src/r_icu/r_icu.o
 *fill*         0x0000908a        0x2 ff
 .text.R_BSP_IrqDisable
                0x0000908c       0x48 ./ra/fsp/src/r_icu/r_icu.o
 .text.R_FSP_IsrContextGet
                0x000090d4       0x24 ./ra/fsp/src/r_icu/r_icu.o
 .text.R_ICU_ExternalIrqOpen
                0x000090f8       0xcc ./ra/fsp/src/r_icu/r_icu.o
                0x000090f8                R_ICU_ExternalIrqOpen
 .text.R_ICU_ExternalIrqEnable
                0x000091c4       0x22 ./ra/fsp/src/r_icu/r_icu.o
                0x000091c4                R_ICU_ExternalIrqEnable
 .text.R_ICU_ExternalIrqDisable
                0x000091e6       0x22 ./ra/fsp/src/r_icu/r_icu.o
                0x000091e6                R_ICU_ExternalIrqDisable
 .text.R_ICU_ExternalIrqClose
                0x00009208       0x40 ./ra/fsp/src/r_icu/r_icu.o
                0x00009208                R_ICU_ExternalIrqClose
 .text.r_icu_isr
                0x00009248       0x80 ./ra/fsp/src/r_icu/r_icu.o
                0x00009248                r_icu_isr
 .text.R_BSP_FlashCacheEnable
                0x000092c8       0x40 ./ra/fsp/src/bsp/mcu/all/bsp_clocks.o
 .text.SystemCoreClockUpdate
                0x00009308       0x40 ./ra/fsp/src/bsp/mcu/all/bsp_clocks.o
                0x00009308                SystemCoreClockUpdate
 .text.bsp_prv_clock_set_hard_reset
                0x00009348       0x30 ./ra/fsp/src/bsp/mcu/all/bsp_clocks.o
 .text.bsp_clock_freq_var_init
                0x00009378       0x48 ./ra/fsp/src/bsp/mcu/all/bsp_clocks.o
 .text.bsp_clock_init
                0x000093c0       0xa4 ./ra/fsp/src/bsp/mcu/all/bsp_clocks.o
                0x000093c0                bsp_clock_init
 .text.bsp_init_internal
                0x00009464       0x14 ./ra/fsp/src/bsp/mcu/all/bsp_common.o
                0x00009464                bsp_init_internal
                0x00009464                bsp_init
 .text.bsp_group_irq_call
                0x00009478       0x30 ./ra/fsp/src/bsp/mcu/all/bsp_group_irq.o
 .text.NMI_Handler
                0x000094a8       0x4c ./ra/fsp/src/bsp/mcu/all/bsp_group_irq.o
                0x000094a8                NMI_Handler
 .text.bsp_irq_cfg
                0x000094f4      0x104 ./ra/fsp/src/bsp/mcu/all/bsp_irq.o
                0x000094f4                bsp_irq_cfg
 .text.R_BSP_RegisterProtectEnable
                0x000095f8       0xa0 ./ra/fsp/src/bsp/mcu/all/bsp_register_protection.o
                0x000095f8                R_BSP_RegisterProtectEnable
 .text.R_BSP_RegisterProtectDisable
                0x00009698       0x90 ./ra/fsp/src/bsp/mcu/all/bsp_register_protection.o
                0x00009698                R_BSP_RegisterProtectDisable
 .text.Reset_Handler
                0x00009728        0xe ./ra/fsp/src/bsp/cmsis/Device/RENESAS/Source/startup.o
                0x00009728                Reset_Handler
 .text.Default_Handler
                0x00009736       0x10 ./ra/fsp/src/bsp/cmsis/Device/RENESAS/Source/startup.o
                0x00009736                UsageFault_Handler
                0x00009736                SecureFault_Handler
                0x00009736                Default_Handler
                0x00009736                MemManage_Handler
                0x00009736                SVC_Handler
                0x00009736                BusFault_Handler
                0x00009736                DebugMon_Handler
 *fill*         0x00009746        0x2 ff
 .text.SystemInit
                0x00009748       0xf0 ./ra/fsp/src/bsp/cmsis/Device/RENESAS/Source/system.o
                0x00009748                SystemInit
 .text.__NVIC_SetPriority
                0x00009838       0x54 ./libraries/HAL_Drivers/drv_common.o
 .text.__NVIC_SystemReset
                0x0000988c       0x2c ./libraries/HAL_Drivers/drv_common.o
 .text.SysTick_Config
                0x000098b8       0x44 ./libraries/HAL_Drivers/drv_common.o
 .text.reboot   0x000098fc       0x10 ./libraries/HAL_Drivers/drv_common.o
 .text.rt_hw_systick_init
                0x0000990c       0x2c ./libraries/HAL_Drivers/drv_common.o
                0x0000990c                rt_hw_systick_init
 .text.SysTick_Handler
                0x00009938       0x14 ./libraries/HAL_Drivers/drv_common.o
                0x00009938                SysTick_Handler
 .text.rt_hw_board_init
                0x0000994c       0x34 ./libraries/HAL_Drivers/drv_common.o
                0x0000994c                rt_hw_board_init
 .text.R_BSP_WarmStart
                0x00009980       0x2c ./libraries/HAL_Drivers/drv_common.o
                0x00009980                R_BSP_WarmStart
 .text.R_BSP_PinRead
                0x000099ac       0x38 ./libraries/HAL_Drivers/drv_gpio.o
 .text.R_BSP_PinWrite
                0x000099e4       0x68 ./libraries/HAL_Drivers/drv_gpio.o
 .text.R_BSP_PinAccessEnable
                0x00009a4c       0x60 ./libraries/HAL_Drivers/drv_gpio.o
 .text.R_BSP_PinAccessDisable
                0x00009aac       0x68 ./libraries/HAL_Drivers/drv_gpio.o
 .text.ra_pin_get_irqx
                0x00009b14      0x280 ./libraries/HAL_Drivers/drv_gpio.o
 .text.ra_irq_tab_init
                0x00009d94       0x7c ./libraries/HAL_Drivers/drv_gpio.o
 .text.ra_pin_map_init
                0x00009e10       0x28 ./libraries/HAL_Drivers/drv_gpio.o
 .text.ra_pin_mode
                0x00009e38       0xf8 ./libraries/HAL_Drivers/drv_gpio.o
 .text.ra_pin_write
                0x00009f30       0x3a ./libraries/HAL_Drivers/drv_gpio.o
 *fill*         0x00009f6a        0x2 ff
 .text.ra_pin_read
                0x00009f6c       0x50 ./libraries/HAL_Drivers/drv_gpio.o
 .text.ra_pin_irq_enable
                0x00009fbc      0x120 ./libraries/HAL_Drivers/drv_gpio.o
 .text.ra_pin_attach_irq
                0x0000a0dc      0x12c ./libraries/HAL_Drivers/drv_gpio.o
 .text.ra_pin_dettach_irq
                0x0000a208       0xb4 ./libraries/HAL_Drivers/drv_gpio.o
 .text.ra_pin_get
                0x0000a2bc       0xce ./libraries/HAL_Drivers/drv_gpio.o
 *fill*         0x0000a38a        0x2 ff
 .text.rt_hw_pin_init
                0x0000a38c       0x24 ./libraries/HAL_Drivers/drv_gpio.o
                0x0000a38c                rt_hw_pin_init
 .text.irq0_callback
                0x0000a3b0       0x34 ./libraries/HAL_Drivers/drv_gpio.o
                0x0000a3b0                irq0_callback
 .text.ra_uart_get_config
                0x0000a3e4       0x50 ./libraries/HAL_Drivers/drv_usart_v2.o
 .text.ra_uart_configure
                0x0000a434       0x7c ./libraries/HAL_Drivers/drv_usart_v2.o
 .text.ra_uart_control
                0x0000a4b0       0x1a ./libraries/HAL_Drivers/drv_usart_v2.o
 *fill*         0x0000a4ca        0x2 ff
 .text.ra_uart_putc
                0x0000a4cc       0x68 ./libraries/HAL_Drivers/drv_usart_v2.o
 .text.ra_uart_getc
                0x0000a534       0x16 ./libraries/HAL_Drivers/drv_usart_v2.o
 *fill*         0x0000a54a        0x2 ff
 .text.user_uart7_callback
                0x0000a54c       0x78 ./libraries/HAL_Drivers/drv_usart_v2.o
                0x0000a54c                user_uart7_callback
 .text.rt_hw_usart_init
                0x0000a5c4       0xb8 ./libraries/HAL_Drivers/drv_usart_v2.o
                0x0000a5c4                rt_hw_usart_init
 .text.memcmp   0x0000a67c       0x60 d:/rt-threadstudio/repo/extract/toolchain_support_packages/arm/gnu_tools_for_arm_embedded_processors/10.2.1/bin/../lib/gcc/arm-none-eabi/10.2.1/../../../../arm-none-eabi/lib/thumb/v8-m.main+fp/hard\libc.a(lib_a-memcmp.o)
                0x0000a67c                memcmp
 .text          0x0000a6dc       0xec d:/rt-threadstudio/repo/extract/toolchain_support_packages/arm/gnu_tools_for_arm_embedded_processors/10.2.1/bin/../lib/gcc/arm-none-eabi/10.2.1/../../../../arm-none-eabi/lib/thumb/v8-m.main+fp/hard\libc.a(lib_a-memcpy.o)
                0x0000a6dc                memcpy
 .text.memset   0x0000a7c8       0xa4 d:/rt-threadstudio/repo/extract/toolchain_support_packages/arm/gnu_tools_for_arm_embedded_processors/10.2.1/bin/../lib/gcc/arm-none-eabi/10.2.1/../../../../arm-none-eabi/lib/thumb/v8-m.main+fp/hard\libc.a(lib_a-memset.o)
                0x0000a7c8                memset
 .text.strlen   0x0000a86c       0x5c d:/rt-threadstudio/repo/extract/toolchain_support_packages/arm/gnu_tools_for_arm_embedded_processors/10.2.1/bin/../lib/gcc/arm-none-eabi/10.2.1/../../../../arm-none-eabi/lib/thumb/v8-m.main+fp/hard\libc.a(lib_a-strlen-stub.o)
                0x0000a86c                strlen
 .text.strncmp  0x0000a8c8       0x78 d:/rt-threadstudio/repo/extract/toolchain_support_packages/arm/gnu_tools_for_arm_embedded_processors/10.2.1/bin/../lib/gcc/arm-none-eabi/10.2.1/../../../../arm-none-eabi/lib/thumb/v8-m.main+fp/hard\libc.a(lib_a-strncmp.o)
                0x0000a8c8                strncmp
 .text.strncpy  0x0000a940       0x64 d:/rt-threadstudio/repo/extract/toolchain_support_packages/arm/gnu_tools_for_arm_embedded_processors/10.2.1/bin/../lib/gcc/arm-none-eabi/10.2.1/../../../../arm-none-eabi/lib/thumb/v8-m.main+fp/hard\libc.a(lib_a-strncpy.o)
                0x0000a940                strncpy
 .text.startup.register_fini
                0x0000a9a4       0x14 d:/rt-threadstudio/repo/extract/toolchain_support_packages/arm/gnu_tools_for_arm_embedded_processors/10.2.1/bin/../lib/gcc/arm-none-eabi/10.2.1/../../../../arm-none-eabi/lib/thumb/v8-m.main+fp/hard\libc.a(lib_a-__call_atexit.o)
 .text.atexit   0x0000a9b8        0xc d:/rt-threadstudio/repo/extract/toolchain_support_packages/arm/gnu_tools_for_arm_embedded_processors/10.2.1/bin/../lib/gcc/arm-none-eabi/10.2.1/../../../../arm-none-eabi/lib/thumb/v8-m.main+fp/hard\libc.a(lib_a-atexit.o)
                0x0000a9b8                atexit
 .text.__libc_fini_array
                0x0000a9c4       0x2c d:/rt-threadstudio/repo/extract/toolchain_support_packages/arm/gnu_tools_for_arm_embedded_processors/10.2.1/bin/../lib/gcc/arm-none-eabi/10.2.1/../../../../arm-none-eabi/lib/thumb/v8-m.main+fp/hard\libc.a(lib_a-fini.o)
                0x0000a9c4                __libc_fini_array
 .text.__retarget_lock_acquire_recursive
                0x0000a9f0        0x4 d:/rt-threadstudio/repo/extract/toolchain_support_packages/arm/gnu_tools_for_arm_embedded_processors/10.2.1/bin/../lib/gcc/arm-none-eabi/10.2.1/../../../../arm-none-eabi/lib/thumb/v8-m.main+fp/hard\libc.a(lib_a-lock.o)
                0x0000a9f0                __retarget_lock_acquire_recursive
 .text.__retarget_lock_release_recursive
                0x0000a9f4        0x4 d:/rt-threadstudio/repo/extract/toolchain_support_packages/arm/gnu_tools_for_arm_embedded_processors/10.2.1/bin/../lib/gcc/arm-none-eabi/10.2.1/../../../../arm-none-eabi/lib/thumb/v8-m.main+fp/hard\libc.a(lib_a-lock.o)
                0x0000a9f4                __retarget_lock_release_recursive
 .text.__register_exitproc
                0x0000a9f8       0x90 d:/rt-threadstudio/repo/extract/toolchain_support_packages/arm/gnu_tools_for_arm_embedded_processors/10.2.1/bin/../lib/gcc/arm-none-eabi/10.2.1/../../../../arm-none-eabi/lib/thumb/v8-m.main+fp/hard\libc.a(lib_a-__atexit.o)
                0x0000a9f8                __register_exitproc
 *(.version)
 .version       0x0000aa88       0x50 ./ra/fsp/src/bsp/mcu/all/bsp_common.o
 *(.init)
 .init          0x0000aad8        0x4 d:/rt-threadstudio/repo/extract/toolchain_support_packages/arm/gnu_tools_for_arm_embedded_processors/10.2.1/bin/../lib/gcc/arm-none-eabi/10.2.1/thumb/v8-m.main+fp/hard/crti.o
                0x0000aad8                _init
 .init          0x0000aadc        0x8 d:/rt-threadstudio/repo/extract/toolchain_support_packages/arm/gnu_tools_for_arm_embedded_processors/10.2.1/bin/../lib/gcc/arm-none-eabi/10.2.1/thumb/v8-m.main+fp/hard/crtn.o
 *(.fini)
 .fini          0x0000aae4        0x4 d:/rt-threadstudio/repo/extract/toolchain_support_packages/arm/gnu_tools_for_arm_embedded_processors/10.2.1/bin/../lib/gcc/arm-none-eabi/10.2.1/thumb/v8-m.main+fp/hard/crti.o
                0x0000aae4                _fini
 .fini          0x0000aae8        0x8 d:/rt-threadstudio/repo/extract/toolchain_support_packages/arm/gnu_tools_for_arm_embedded_processors/10.2.1/bin/../lib/gcc/arm-none-eabi/10.2.1/thumb/v8-m.main+fp/hard/crtn.o
                0x0000aaf0                . = ALIGN (0x4)
                0x0000aaf0                __fsymtab_start = .
 *(FSymTab)
 FSymTab        0x0000aaf0        0xc ./src/hal_entry.o
                0x0000aaf0                __fsym_icu_sample
 FSymTab        0x0000aafc       0x78 ./rt-thread/components/finsh/cmd.o
                0x0000aafc                __fsym_clear
                0x0000ab08                __fsym_version
                0x0000ab14                __fsym_list_thread
                0x0000ab20                __fsym_list_sem
                0x0000ab2c                __fsym_list_event
                0x0000ab38                __fsym_list_mutex
                0x0000ab44                __fsym_list_mailbox
                0x0000ab50                __fsym_list_msgqueue
                0x0000ab5c                __fsym_list_timer
                0x0000ab68                __fsym_list_device
 FSymTab        0x0000ab74       0x24 ./rt-thread/components/finsh/msh.o
                0x0000ab74                __fsym_help
                0x0000ab80                __fsym_ps
                0x0000ab8c                __fsym_free
 FSymTab        0x0000ab98        0xc ./libraries/HAL_Drivers/drv_common.o
                0x0000ab98                __fsym_reboot
                0x0000aba4                __fsymtab_end = .
                0x0000aba4                . = ALIGN (0x4)
                0x0000aba4                __vsymtab_start = .
 *(VSymTab)
                0x0000aba4                __vsymtab_end = .
                0x0000aba4                . = ALIGN (0x4)
                0x0000aba4                __rt_init_start = .
 *(SORT_BY_NAME(.rti_fn*))
 .rti_fn.0      0x0000aba4        0x4 ./rt-thread/src/components.o
                0x0000aba4                __rt_init_rti_start
 .rti_fn.0.end  0x0000aba8        0x4 ./rt-thread/src/components.o
                0x0000aba8                __rt_init_rti_board_start
 .rti_fn.1.end  0x0000abac        0x4 ./rt-thread/src/components.o
                0x0000abac                __rt_init_rti_board_end
 .rti_fn.6      0x0000abb0        0x4 ./rt-thread/components/finsh/shell.o
                0x0000abb0                __rt_init_finsh_system_init
 .rti_fn.6.end  0x0000abb4        0x4 ./rt-thread/src/components.o
                0x0000abb4                __rt_init_rti_end
                0x0000abb8                __rt_init_end = .
                0x0000abb8                . = ALIGN (0x4)
 *(FalPartTable)
 *crtbegin.o(.ctors)
 *crtbegin?.o(.ctors)
 *(EXCLUDE_FILE(*crtend.o *crtend?.o) .ctors)
 *(SORT_BY_NAME(.ctors.*))
 *(.ctors)
 *crtbegin.o(.dtors)
 *crtbegin?.o(.dtors)
 *(EXCLUDE_FILE(*crtend.o *crtend?.o) .dtors)
 *(SORT_BY_NAME(.dtors.*))
 *(.dtors)
 *(.rodata*)
 .rodata        0x0000abb8       0x77 ./src/hal_entry.o
 *fill*         0x0000ac2f        0x1 ff
 .rodata.name   0x0000ac30       0x17 ./src/hal_entry.o
                0x0000ac30                __fsym_icu_sample_name
                0x0000ac3c                __fsym_icu_sample_desc
 *fill*         0x0000ac47        0x1 ff
 .rodata        0x0000ac48       0x17 ./rt-thread/src/components.o
 *fill*         0x0000ac5f        0x1 ff
 .rodata.__FUNCTION__.0
                0x0000ac60       0x14 ./rt-thread/src/components.o
 .rodata        0x0000ac74       0xbc ./rt-thread/src/device.o
 .rodata.__FUNCTION__.6
                0x0000ad30        0xf ./rt-thread/src/device.o
 *fill*         0x0000ad3f        0x1 ff
 .rodata.__FUNCTION__.5
                0x0000ad40       0x10 ./rt-thread/src/device.o
 .rodata.__FUNCTION__.4
                0x0000ad50        0xf ./rt-thread/src/device.o
 *fill*         0x0000ad5f        0x1 ff
 .rodata.__FUNCTION__.3
                0x0000ad60       0x10 ./rt-thread/src/device.o
 .rodata.__FUNCTION__.1
                0x0000ad70       0x1a ./rt-thread/src/device.o
 *fill*         0x0000ad8a        0x2 ff
 .rodata        0x0000ad8c        0x8 ./rt-thread/src/idle.o
 .rodata        0x0000ad94      0x4de ./rt-thread/src/ipc.o
 *fill*         0x0000b272        0x2 ff
 .rodata.__FUNCTION__.37
                0x0000b274        0xc ./rt-thread/src/ipc.o
 .rodata.__FUNCTION__.33
                0x0000b280        0xc ./rt-thread/src/ipc.o
 .rodata.__FUNCTION__.32
                0x0000b28c       0x12 ./rt-thread/src/ipc.o
 *fill*         0x0000b29e        0x2 ff
 .rodata.__FUNCTION__.31
                0x0000b2a0        0xf ./rt-thread/src/ipc.o
 *fill*         0x0000b2af        0x1 ff
 .rodata.__FUNCTION__.29
                0x0000b2b0        0xe ./rt-thread/src/ipc.o
 *fill*         0x0000b2be        0x2 ff
 .rodata.__FUNCTION__.25
                0x0000b2c0        0xe ./rt-thread/src/ipc.o
 *fill*         0x0000b2ce        0x2 ff
 .rodata.__FUNCTION__.24
                0x0000b2d0       0x11 ./rt-thread/src/ipc.o
 *fill*         0x0000b2e1        0x3 ff
 .rodata        0x0000b2e4      0x107 ./rt-thread/src/kservice.o
 *fill*         0x0000b3eb        0x1 ff
 .rodata.large_digits.4
                0x0000b3ec       0x11 ./rt-thread/src/kservice.o
 *fill*         0x0000b3fd        0x3 ff
 .rodata.small_digits.3
                0x0000b400       0x11 ./rt-thread/src/kservice.o
 *fill*         0x0000b411        0x3 ff
 .rodata.__FUNCTION__.1
                0x0000b414       0x14 ./rt-thread/src/kservice.o
 .rodata.__FUNCTION__.0
                0x0000b428        0xd ./rt-thread/src/kservice.o
 *fill*         0x0000b435        0x3 ff
 .rodata        0x0000b438      0x41b ./rt-thread/src/mem.o
 *fill*         0x0000b853        0x1 ff
 .rodata.__FUNCTION__.4
                0x0000b854        0xb ./rt-thread/src/mem.o
 *fill*         0x0000b85f        0x1 ff
 .rodata.__FUNCTION__.2
                0x0000b860        0xe ./rt-thread/src/mem.o
 *fill*         0x0000b86e        0x2 ff
 .rodata.__FUNCTION__.0
                0x0000b870        0xd ./rt-thread/src/mem.o
 *fill*         0x0000b87d        0x3 ff
 .rodata        0x0000b880       0x91 ./rt-thread/src/object.o
 *fill*         0x0000b911        0x3 ff
 .rodata.__FUNCTION__.6
                0x0000b914        0xf ./rt-thread/src/object.o
 *fill*         0x0000b923        0x1 ff
 .rodata.__FUNCTION__.5
                0x0000b924       0x11 ./rt-thread/src/object.o
 *fill*         0x0000b935        0x3 ff
 .rodata.__FUNCTION__.4
                0x0000b938       0x13 ./rt-thread/src/object.o
 *fill*         0x0000b94b        0x1 ff
 .rodata.__FUNCTION__.3
                0x0000b94c       0x11 ./rt-thread/src/object.o
 *fill*         0x0000b95d        0x3 ff
 .rodata.__FUNCTION__.2
                0x0000b960       0x1a ./rt-thread/src/object.o
 *fill*         0x0000b97a        0x2 ff
 .rodata.__FUNCTION__.1
                0x0000b97c       0x13 ./rt-thread/src/object.o
 *fill*         0x0000b98f        0x1 ff
 .rodata.__FUNCTION__.0
                0x0000b990        0xf ./rt-thread/src/object.o
 *fill*         0x0000b99f        0x1 ff
 .rodata        0x0000b9a0       0x65 ./rt-thread/src/scheduler.o
 *fill*         0x0000ba05        0x3 ff
 .rodata.__FUNCTION__.2
                0x0000ba08       0x1a ./rt-thread/src/scheduler.o
 *fill*         0x0000ba22        0x2 ff
 .rodata.__FUNCTION__.1
                0x0000ba24       0x1a ./rt-thread/src/scheduler.o
 *fill*         0x0000ba3e        0x2 ff
 .rodata.__FUNCTION__.0
                0x0000ba40       0x1a ./rt-thread/src/scheduler.o
 *fill*         0x0000ba5a        0x2 ff
 .rodata        0x0000ba5c      0x19f ./rt-thread/src/thread.o
 *fill*         0x0000bbfb        0x1 ff
 .rodata.__FUNCTION__.10
                0x0000bbfc       0x10 ./rt-thread/src/thread.o
 .rodata.__FUNCTION__.9
                0x0000bc0c        0xd ./rt-thread/src/thread.o
 *fill*         0x0000bc19        0x3 ff
 .rodata.__FUNCTION__.8
                0x0000bc1c        0xf ./rt-thread/src/thread.o
 *fill*         0x0000bc2b        0x1 ff
 .rodata.__FUNCTION__.7
                0x0000bc2c       0x12 ./rt-thread/src/thread.o
 *fill*         0x0000bc3e        0x2 ff
 .rodata.__FUNCTION__.6
                0x0000bc40       0x11 ./rt-thread/src/thread.o
 *fill*         0x0000bc51        0x3 ff
 .rodata.__FUNCTION__.5
                0x0000bc54       0x11 ./rt-thread/src/thread.o
 *fill*         0x0000bc65        0x3 ff
 .rodata.__FUNCTION__.4
                0x0000bc68       0x10 ./rt-thread/src/thread.o
 .rodata.__FUNCTION__.2
                0x0000bc78       0x12 ./rt-thread/src/thread.o
 *fill*         0x0000bc8a        0x2 ff
 .rodata.__FUNCTION__.1
                0x0000bc8c       0x12 ./rt-thread/src/thread.o
 *fill*         0x0000bc9e        0x2 ff
 .rodata.__FUNCTION__.0
                0x0000bca0       0x11 ./rt-thread/src/thread.o
 *fill*         0x0000bcb1        0x3 ff
 .rodata        0x0000bcb4      0x10e ./rt-thread/src/timer.o
 *fill*         0x0000bdc2        0x2 ff
 .rodata.__FUNCTION__.7
                0x0000bdc4        0xe ./rt-thread/src/timer.o
 *fill*         0x0000bdd2        0x2 ff
 .rodata.__FUNCTION__.6
                0x0000bdd4       0x10 ./rt-thread/src/timer.o
 .rodata.__FUNCTION__.3
                0x0000bde4        0xf ./rt-thread/src/timer.o
 *fill*         0x0000bdf3        0x1 ff
 .rodata.__FUNCTION__.1
                0x0000bdf4        0xe ./rt-thread/src/timer.o
 *fill*         0x0000be02        0x2 ff
 .rodata.__FUNCTION__.0
                0x0000be04       0x11 ./rt-thread/src/timer.o
 *fill*         0x0000be15        0x3 ff
 .rodata        0x0000be18      0x2ce ./rt-thread/libcpu/arm/cortex-m4/cpuport.o
 *fill*         0x0000c0e6        0x2 ff
 .rodata        0x0000c0e8      0x5d3 ./rt-thread/components/finsh/cmd.o
 *fill*         0x0000c6bb        0x1 ff
 .rodata.name   0x0000c6bc      0x176 ./rt-thread/components/finsh/cmd.o
                0x0000c6bc                __fsym_clear_name
                0x0000c6c4                __fsym_clear_desc
                0x0000c6e0                __fsym_version_name
                0x0000c6e8                __fsym_version_desc
                0x0000c70c                __fsym_list_thread_name
                0x0000c718                __fsym_list_thread_desc
                0x0000c724                __fsym_list_sem_name
                0x0000c730                __fsym_list_sem_desc
                0x0000c74c                __fsym_list_event_name
                0x0000c758                __fsym_list_event_desc
                0x0000c770                __fsym_list_mutex_name
                0x0000c77c                __fsym_list_mutex_desc
                0x0000c794                __fsym_list_mailbox_name
                0x0000c7a4                __fsym_list_mailbox_desc
                0x0000c7bc                __fsym_list_msgqueue_name
                0x0000c7cc                __fsym_list_msgqueue_desc
                0x0000c7ec                __fsym_list_timer_name
                0x0000c7f8                __fsym_list_timer_desc
                0x0000c810                __fsym_list_device_name
                0x0000c81c                __fsym_list_device_desc
 *fill*         0x0000c832        0x2 ff
 .rodata.device_type_str
                0x0000c834       0x64 ./rt-thread/components/finsh/cmd.o
 .rodata        0x0000c898       0xa8 ./rt-thread/components/finsh/msh.o
 .rodata.name   0x0000c940       0x6d ./rt-thread/components/finsh/msh.o
                0x0000c940                __fsym_help_name
                0x0000c948                __fsym_help_desc
                0x0000c960                __fsym_ps_name
                0x0000c964                __fsym_ps_desc
                0x0000c980                __fsym_free_name
                0x0000c988                __fsym_free_desc
 *fill*         0x0000c9ad        0x3 ff
 .rodata.__FUNCTION__.0
                0x0000c9b0        0xe ./rt-thread/components/finsh/msh.o
 *fill*         0x0000c9be        0x2 ff
 .rodata        0x0000c9c0       0x91 ./rt-thread/components/finsh/shell.o
 *fill*         0x0000ca51        0x3 ff
 .rodata.__FUNCTION__.6
                0x0000ca54       0x16 ./rt-thread/components/finsh/shell.o
 *fill*         0x0000ca6a        0x2 ff
 .rodata.__FUNCTION__.5
                0x0000ca6c        0xe ./rt-thread/components/finsh/shell.o
 *fill*         0x0000ca7a        0x2 ff
 .rodata.__FUNCTION__.4
                0x0000ca7c        0xd ./rt-thread/components/finsh/shell.o
 *fill*         0x0000ca89        0x3 ff
 .rodata.__FUNCTION__.3
                0x0000ca8c       0x11 ./rt-thread/components/finsh/shell.o
 *fill*         0x0000ca9d        0x3 ff
 .rodata        0x0000caa0      0x18b ./rt-thread/components/drivers/serial/serial_v2.o
 *fill*         0x0000cc2b        0x1 ff
 .rodata.__FUNCTION__.18
                0x0000cc2c       0x1c ./rt-thread/components/drivers/serial/serial_v2.o
 .rodata.__FUNCTION__.17
                0x0000cc48       0x1c ./rt-thread/components/drivers/serial/serial_v2.o
 .rodata.__FUNCTION__.16
                0x0000cc64       0x1d ./rt-thread/components/drivers/serial/serial_v2.o
 *fill*         0x0000cc81        0x3 ff
 .rodata.__FUNCTION__.15
                0x0000cc84       0x10 ./rt-thread/components/drivers/serial/serial_v2.o
 .rodata.__FUNCTION__.14
                0x0000cc94       0x10 ./rt-thread/components/drivers/serial/serial_v2.o
 .rodata.__FUNCTION__.13
                0x0000cca4       0x10 ./rt-thread/components/drivers/serial/serial_v2.o
 .rodata.__FUNCTION__.12
                0x0000ccb4       0x1e ./rt-thread/components/drivers/serial/serial_v2.o
 *fill*         0x0000ccd2        0x2 ff
 .rodata.__FUNCTION__.11
                0x0000ccd4       0x1d ./rt-thread/components/drivers/serial/serial_v2.o
 *fill*         0x0000ccf1        0x3 ff
 .rodata.__FUNCTION__.10
                0x0000ccf4       0x1c ./rt-thread/components/drivers/serial/serial_v2.o
 .rodata.__FUNCTION__.9
                0x0000cd10       0x14 ./rt-thread/components/drivers/serial/serial_v2.o
 .rodata.__FUNCTION__.8
                0x0000cd24       0x14 ./rt-thread/components/drivers/serial/serial_v2.o
 .rodata.__FUNCTION__.7
                0x0000cd38       0x15 ./rt-thread/components/drivers/serial/serial_v2.o
 *fill*         0x0000cd4d        0x3 ff
 .rodata.__FUNCTION__.6
                0x0000cd50       0x15 ./rt-thread/components/drivers/serial/serial_v2.o
 *fill*         0x0000cd65        0x3 ff
 .rodata.__FUNCTION__.5
                0x0000cd68        0xf ./rt-thread/components/drivers/serial/serial_v2.o
 *fill*         0x0000cd77        0x1 ff
 .rodata.__FUNCTION__.4
                0x0000cd78        0xf ./rt-thread/components/drivers/serial/serial_v2.o
 *fill*         0x0000cd87        0x1 ff
 .rodata.__FUNCTION__.3
                0x0000cd88       0x10 ./rt-thread/components/drivers/serial/serial_v2.o
 .rodata.__FUNCTION__.2
                0x0000cd98       0x12 ./rt-thread/components/drivers/serial/serial_v2.o
 *fill*         0x0000cdaa        0x2 ff
 .rodata.__FUNCTION__.1
                0x0000cdac       0x16 ./rt-thread/components/drivers/serial/serial_v2.o
 *fill*         0x0000cdc2        0x2 ff
 .rodata.__FUNCTION__.0
                0x0000cdc4       0x11 ./rt-thread/components/drivers/serial/serial_v2.o
 *fill*         0x0000cdd5        0x3 ff
 .rodata        0x0000cdd8       0x37 ./rt-thread/components/drivers/misc/pin.o
 *fill*         0x0000ce0f        0x1 ff
 .rodata.__FUNCTION__.9
                0x0000ce10        0xa ./rt-thread/components/drivers/misc/pin.o
 *fill*         0x0000ce1a        0x2 ff
 .rodata.__FUNCTION__.8
                0x0000ce1c        0xb ./rt-thread/components/drivers/misc/pin.o
 *fill*         0x0000ce27        0x1 ff
 .rodata.__FUNCTION__.7
                0x0000ce28        0xd ./rt-thread/components/drivers/misc/pin.o
 *fill*         0x0000ce35        0x3 ff
 .rodata.__FUNCTION__.6
                0x0000ce38       0x12 ./rt-thread/components/drivers/misc/pin.o
 *fill*         0x0000ce4a        0x2 ff
 .rodata.__FUNCTION__.4
                0x0000ce4c       0x12 ./rt-thread/components/drivers/misc/pin.o
 *fill*         0x0000ce5e        0x2 ff
 .rodata.__FUNCTION__.2
                0x0000ce60        0xd ./rt-thread/components/drivers/misc/pin.o
 *fill*         0x0000ce6d        0x3 ff
 .rodata.__FUNCTION__.0
                0x0000ce70        0xb ./rt-thread/components/drivers/misc/pin.o
 *fill*         0x0000ce7b        0x1 ff
 .rodata        0x0000ce7c       0xd7 ./rt-thread/components/drivers/ipc/completion.o
 *fill*         0x0000cf53        0x1 ff
 .rodata.__FUNCTION__.2
                0x0000cf54       0x13 ./rt-thread/components/drivers/ipc/completion.o
 *fill*         0x0000cf67        0x1 ff
 .rodata.__FUNCTION__.1
                0x0000cf68       0x13 ./rt-thread/components/drivers/ipc/completion.o
 *fill*         0x0000cf7b        0x1 ff
 .rodata.__FUNCTION__.0
                0x0000cf7c       0x13 ./rt-thread/components/drivers/ipc/completion.o
 *fill*         0x0000cf8f        0x1 ff
 .rodata        0x0000cf90       0x19 ./rt-thread/components/drivers/ipc/ringbuffer.o
 *fill*         0x0000cfa9        0x3 ff
 .rodata.__FUNCTION__.10
                0x0000cfac       0x13 ./rt-thread/components/drivers/ipc/ringbuffer.o
 *fill*         0x0000cfbf        0x1 ff
 .rodata.__FUNCTION__.9
                0x0000cfc0       0x12 ./rt-thread/components/drivers/ipc/ringbuffer.o
 *fill*         0x0000cfd2        0x2 ff
 .rodata.__FUNCTION__.7
                0x0000cfd4       0x12 ./rt-thread/components/drivers/ipc/ringbuffer.o
 *fill*         0x0000cfe6        0x2 ff
 .rodata.__FUNCTION__.5
                0x0000cfe8       0x16 ./rt-thread/components/drivers/ipc/ringbuffer.o
 *fill*         0x0000cffe        0x2 ff
 .rodata.g_ioport
                0x0000d000        0xc ./ra_gen/common_data.o
                0x0000d000                g_ioport
 .rodata.g_external_irq0_cfg
                0x0000d00c       0x14 ./ra_gen/hal_data.o
                0x0000d00c                g_external_irq0_cfg
 .rodata.g_uart7_cfg_extend
                0x0000d020       0x10 ./ra_gen/hal_data.o
                0x0000d020                g_uart7_cfg_extend
 .rodata.g_uart7_cfg
                0x0000d030       0x20 ./ra_gen/hal_data.o
                0x0000d030                g_uart7_cfg
 .rodata.g_bsp_pin_cfg_data
                0x0000d050      0x140 ./ra_gen/pin_data.o
                0x0000d050                g_bsp_pin_cfg_data
 .rodata.g_bsp_pin_cfg
                0x0000d190        0x8 ./ra_gen/pin_data.o
                0x0000d190                g_bsp_pin_cfg
 .rodata.g_interrupt_event_link_select
                0x0000d198       0xc0 ./ra_gen/vector_data.o
                0x0000d198                g_interrupt_event_link_select
 .rodata.g_ioport_on_ioport
                0x0000d258       0x38 ./ra/fsp/src/r_ioport/r_ioport.o
                0x0000d258                g_ioport_on_ioport
 .rodata.g_vbatt_pins_input
                0x0000d290        0x6 ./ra/fsp/src/r_ioport/r_ioport.o
 *fill*         0x0000d296        0x2 ff
 .rodata.g_prcr_masks
                0x0000d298        0x8 ./ra/fsp/src/bsp/mcu/all/bsp_register_protection.o
 .rodata.name   0x0000d2a0       0x16 ./libraries/HAL_Drivers/drv_common.o
                0x0000d2a0                __fsym_reboot_name
                0x0000d2a8                __fsym_reboot_desc
 *fill*         0x0000d2b6        0x2 ff
 .rodata        0x0000d2b8        0x6 ./libraries/HAL_Drivers/drv_common.o
 *fill*         0x0000d2be        0x2 ff
 .rodata        0x0000d2c0      0x170 ./libraries/HAL_Drivers/drv_gpio.o
 .rodata._ra_pin_ops
                0x0000d430       0x1c ./libraries/HAL_Drivers/drv_gpio.o
 .rodata        0x0000d44c       0x6d ./libraries/HAL_Drivers/drv_usart_v2.o
 *fill*         0x0000d4b9        0x3 ff
 .rodata.ra_uart_ops
                0x0000d4bc       0x14 ./libraries/HAL_Drivers/drv_usart_v2.o
 .rodata.__FUNCTION__.3
                0x0000d4d0       0x12 ./libraries/HAL_Drivers/drv_usart_v2.o
 *fill*         0x0000d4e2        0x2 ff
 .rodata.__FUNCTION__.2
                0x0000d4e4        0xd ./libraries/HAL_Drivers/drv_usart_v2.o
 *fill*         0x0000d4f1        0x3 ff
 .rodata.__FUNCTION__.1
                0x0000d4f4       0x14 ./libraries/HAL_Drivers/drv_usart_v2.o
 .rodata.__FUNCTION__.0
                0x0000d508       0x11 ./libraries/HAL_Drivers/drv_usart_v2.o
 *fill*         0x0000d519        0x3 ff
 .rodata._global_impure_ptr
                0x0000d51c        0x4 d:/rt-threadstudio/repo/extract/toolchain_support_packages/arm/gnu_tools_for_arm_embedded_processors/10.2.1/bin/../lib/gcc/arm-none-eabi/10.2.1/../../../../arm-none-eabi/lib/thumb/v8-m.main+fp/hard\libc.a(lib_a-impure.o)
                0x0000d51c                _global_impure_ptr
                0x0000d520                __usb_dev_descriptor_start_fs = .
 *(.usb_device_desc_fs*)
                0x0000d520                __usb_cfg_descriptor_start_fs = .
 *(.usb_config_desc_fs*)
                0x0000d520                __usb_interface_descriptor_start_fs = .
 *(.usb_interface_desc_fs*)
                0x0000d520                __usb_descriptor_end_fs = .
                0x0000d520                __usb_dev_descriptor_start_hs = .
 *(.usb_device_desc_hs*)
                0x0000d520                __usb_cfg_descriptor_start_hs = .
 *(.usb_config_desc_hs*)
                0x0000d520                __usb_interface_descriptor_start_hs = .
 *(.usb_interface_desc_hs*)
                0x0000d520                __usb_descriptor_end_hs = .
 *(.eh_frame*)
 .eh_frame      0x0000d520        0x0 d:/rt-threadstudio/repo/extract/toolchain_support_packages/arm/gnu_tools_for_arm_embedded_processors/10.2.1/bin/../lib/gcc/arm-none-eabi/10.2.1/thumb/v8-m.main+fp/hard/crtbegin.o
 .eh_frame      0x0000d520        0x4 d:/rt-threadstudio/repo/extract/toolchain_support_packages/arm/gnu_tools_for_arm_embedded_processors/10.2.1/bin/../lib/gcc/arm-none-eabi/10.2.1/thumb/v8-m.main+fp/hard/crtend.o
                0x0000d524                __ROM_End = .
                0x000001c0                __Vectors_Size = (__Vectors_End - __Vectors)

.glue_7         0x0000d524        0x0
 .glue_7        0x0000d524        0x0 linker stubs

.glue_7t        0x0000d524        0x0
 .glue_7t       0x0000d524        0x0 linker stubs

.vfp11_veneer   0x0000d524        0x0
 .vfp11_veneer  0x0000d524        0x0 linker stubs

.v4_bx          0x0000d524        0x0
 .v4_bx         0x0000d524        0x0 linker stubs

.iplt           0x0000d524        0x0
 .iplt          0x0000d524        0x0 d:/rt-threadstudio/repo/extract/toolchain_support_packages/arm/gnu_tools_for_arm_embedded_processors/10.2.1/bin/../lib/gcc/arm-none-eabi/10.2.1/thumb/v8-m.main+fp/hard/crtbegin.o

.ARM.extab
 *(.ARM.extab* .gnu.linkonce.armextab.*)
                0x0000d524                __exidx_start = .

.ARM.exidx
 *(.ARM.exidx* .gnu.linkonce.armexidx.*)
                0x0000d524                __exidx_end = .
                0x0000d524                __etext = .
                0x20000000                __tz_RAM_S = ORIGIN (RAM)

.fsp_dtc_vector_table
                0x20000000        0x0
                0x20000000                . = ORIGIN (RAM)
 *(.fsp_dtc_vector_table)

.data           0x20000000      0x4e8 load address 0x0000d524
                0x20000000                __data_start__ = .
                0x20000000                . = ALIGN (0x4)
                0x20000000                __Code_In_RAM_Start = .
 *(.code_in_ram*)
                0x20000000                __Code_In_RAM_End = .
 *(vtable)
 *(.data.*)
 .data._rt_thread_defunct
                0x20000000        0x8 ./rt-thread/src/idle.o
 .data._object_container
                0x20000008       0x90 ./rt-thread/src/object.o
 .data._soft_timer_status
                0x20000098        0x1 ./rt-thread/src/timer.o
 *fill*         0x20000099        0x3 
 .data.g_uart7_baud_setting
                0x2000009c        0x4 ./ra_gen/hal_data.o
                0x2000009c                g_uart7_baud_setting
 .data.uart_config
                0x200000a0        0xc ./libraries/HAL_Drivers/drv_usart_v2.o
 *fill*         0x200000ac        0x4 
 .data.impure_data
                0x200000b0      0x428 d:/rt-threadstudio/repo/extract/toolchain_support_packages/arm/gnu_tools_for_arm_embedded_processors/10.2.1/bin/../lib/gcc/arm-none-eabi/10.2.1/../../../../arm-none-eabi/lib/thumb/v8-m.main+fp/hard\libc.a(lib_a-impure.o)
 .data.__atexit_recursive_mutex
                0x200004d8        0x4 d:/rt-threadstudio/repo/extract/toolchain_support_packages/arm/gnu_tools_for_arm_embedded_processors/10.2.1/bin/../lib/gcc/arm-none-eabi/10.2.1/../../../../arm-none-eabi/lib/thumb/v8-m.main+fp/hard\libc.a(lib_a-__call_atexit.o)
                0x200004d8                __atexit_recursive_mutex
 *(.data)
                0x200004dc                . = ALIGN (0x4)
                [!provide]                PROVIDE (__preinit_array_start = .)
 *(.preinit_array)
                [!provide]                PROVIDE (__preinit_array_end = .)
                0x200004dc                . = ALIGN (0x4)
                0x200004dc                PROVIDE (__init_array_start = .)
 *(SORT_BY_NAME(.init_array.*))
 .init_array.00000
                0x200004dc        0x4 d:/rt-threadstudio/repo/extract/toolchain_support_packages/arm/gnu_tools_for_arm_embedded_processors/10.2.1/bin/../lib/gcc/arm-none-eabi/10.2.1/../../../../arm-none-eabi/lib/thumb/v8-m.main+fp/hard\libc.a(lib_a-__call_atexit.o)
 *(.init_array)
 .init_array    0x200004e0        0x4 d:/rt-threadstudio/repo/extract/toolchain_support_packages/arm/gnu_tools_for_arm_embedded_processors/10.2.1/bin/../lib/gcc/arm-none-eabi/10.2.1/thumb/v8-m.main+fp/hard/crtbegin.o
                0x200004e4                PROVIDE (__init_array_end = .)
                0x200004e4                . = ALIGN (0x4)
                0x200004e4                PROVIDE (__fini_array_start = .)
 *(SORT_BY_NAME(.fini_array.*))
 *(.fini_array)
 .fini_array    0x200004e4        0x4 d:/rt-threadstudio/repo/extract/toolchain_support_packages/arm/gnu_tools_for_arm_embedded_processors/10.2.1/bin/../lib/gcc/arm-none-eabi/10.2.1/thumb/v8-m.main+fp/hard/crtbegin.o
                0x200004e8                PROVIDE (__fini_array_end = .)
 *(.jcr*)
                0x200004e8                . = ALIGN (0x4)
                0x200004e8                __data_end__ = .

.igot.plt       0x200004e8        0x0 load address 0x0000da0c
 .igot.plt      0x200004e8        0x0 d:/rt-threadstudio/repo/extract/toolchain_support_packages/arm/gnu_tools_for_arm_embedded_processors/10.2.1/bin/../lib/gcc/arm-none-eabi/10.2.1/thumb/v8-m.main+fp/hard/crtbegin.o

.gnu.sgstubs    0x0000dc00        0x0
                0x0000dc00                . = (DEFINED (PROJECT_SECURE) && DEFINED (FLASH_NSC_START))?ABSOLUTE (FLASH_NSC_START):ALIGN (0x400)
                0x0000dc00                __tz_FLASH_C = DEFINED (FLASH_NSC_START)?ABSOLUTE (FLASH_NSC_START):__RESERVE_NS_RAM?ABSOLUTE ((FLASH_START + FLASH_LENGTH)):ALIGN (0x400)
                0x0000dc00                _start_sg = .
 *(.gnu.sgstubs*)
                0x0000dc00                . = ALIGN (0x20)
                0x0000dc00                _end_sg = .
                0x00010000                __tz_FLASH_N = DEFINED (FLASH_NS_START)?ABSOLUTE (FLASH_NS_START):__RESERVE_NS_RAM?ABSOLUTE ((FLASH_START + FLASH_LENGTH)):(FLASH_LENGTH < 0x8000)?FLASH_LENGTH:ALIGN (0x8000)
                0x00010000                FLASH_NS_IMAGE_START = DEFINED (FLASH_NS_IMAGE_START)?FLASH_NS_IMAGE_START:__tz_FLASH_N
                0x60000000                __tz_QSPI_FLASH_S = ORIGIN (QSPI_FLASH)

.qspi_flash     0x60000000        0x0
                0x60000000                __qspi_flash_start__ = .
 *(.qspi_flash*)
 *(.code_in_qspi*)
                0x60000000                __qspi_flash_end__ = .
                0x00000000                __qspi_flash_code_size__ = (__qspi_flash_end__ - __qspi_flash_start__)
                0x0000da0c                __qspi_flash_code_addr__ = (__etext + (__data_end__ - __data_start__))

.qspi_non_retentive
                0x60000000        0x0 load address 0x0000da0c
                0x60000000                __qspi_non_retentive_start__ = .
 *(.qspi_non_retentive*)
                0x60000000                __qspi_non_retentive_end__ = .
                0x00000000                __qspi_non_retentive_size__ = (__qspi_non_retentive_end__ - __qspi_non_retentive_start__)
                0x04000000                __qspi_region_max_size__ = 0x4000000
                0x60000000                __qspi_region_start_address__ = __qspi_flash_start__
                0x64000000                __qspi_region_end_address__ = (__qspi_flash_start__ + __qspi_region_max_size__)
                0x60000000                __tz_QSPI_FLASH_N = __qspi_non_retentive_end__

.OSPI_DEVICE_0_NO_LOAD
                0x68000000        0x0
                0x68000000                . = ALIGN (0x4)
                0x68000000                __ospi_device_0_start__ = .
 *(.ospi_device_0_no_load*)
                0x68000000                . = ALIGN (0x4)
                0x68000000                __ospi_device_0_end__ = .

.OSPI_DEVICE_1_NO_LOAD
                0x70000000        0x0
                0x70000000                . = ALIGN (0x4)
                0x70000000                __ospi_device_1_start__ = .
 *(.ospi_device_1_no_load*)
                0x70000000                . = ALIGN (0x4)
                0x70000000                __ospi_device_1_end__ = .
                0x68000000                __tz_OSPI_DEVICE_0_S = ORIGIN (OSPI_DEVICE_0)

.OSPI_DEVICE_0  0x68000000        0x0
                0x68000000                __ospi_device_0_start__ = .
 *(.ospi_device_0*)
 *(.code_in_ospi_device_0*)
                0x68000000                __ospi_device_0_end__ = .
                0x00000000                __ospi_device_0_code_size__ = (__ospi_device_0_end__ - __ospi_device_0_start__)
                0x0000da0c                __ospi_device_0_code_addr__ = (__etext + (__data_end__ - __data_start__))

.ospi_device_0_non_retentive
                0x68000000        0x0 load address 0x0000da0c
                0x68000000                __ospi_device_0_non_retentive_start__ = .
 *(.ospi_device_0_non_retentive*)
                0x68000000                __ospi_device_0_non_retentive_end__ = .
                0x00000000                __ospi_device_0_non_retentive_size__ = (__ospi_device_0_non_retentive_end__ - __ospi_device_0_non_retentive_start__)
                0x08000000                __ospi_device_0_region_max_size__ = 0x8000000
                0x68000000                __ospi_device_0_region_start_address__ = __ospi_device_0_start__
                0x70000000                __ospi_device_0_region_end_address__ = (__ospi_device_0_start__ + __ospi_device_0_region_max_size__)
                0x68000000                __tz_OSPI_DEVICE_0_N = __ospi_device_0_non_retentive_end__
                0x70000000                __tz_OSPI_DEVICE_1_S = ORIGIN (OSPI_DEVICE_1)

.OSPI_DEVICE_1  0x70000000        0x0
                0x70000000                __ospi_device_1_start__ = .
 *(.ospi_device_1*)
 *(.code_in_ospi_device_1*)
                0x70000000                __ospi_device_1_end__ = .
                0x00000000                __ospi_device_1_code_size__ = (__ospi_device_1_end__ - __ospi_device_1_start__)
                0x0000da0c                __ospi_device_1_code_addr__ = (__etext + (__data_end__ - __data_start__))

.ospi_device_1_non_retentive
                0x70000000        0x0 load address 0x0000da0c
                0x70000000                __ospi_device_1_non_retentive_start__ = .
 *(.ospi_device_1_non_retentive*)
                0x70000000                __ospi_device_1_non_retentive_end__ = .
                0x00000000                __ospi_device_1_non_retentive_size__ = (__ospi_device_1_non_retentive_end__ - __ospi_device_1_non_retentive_start__)
                0x10000000                __ospi_device_1_region_max_size__ = 0x10000000
                0x70000000                __ospi_device_1_region_start_address__ = __ospi_device_1_start__
                0x80000000                __ospi_device_1_region_end_address__ = (__ospi_device_1_start__ + __ospi_device_1_region_max_size__)
                0x70000000                __tz_OSPI_DEVICE_1_N = __ospi_device_1_non_retentive_end__

.noinit         0x200004e8       0x20
                0x200004e8                . = ALIGN (0x4)
                0x200004e8                __noinit_start = .
 *(.noinit*)
 .noinit        0x200004e8       0x1c ./ra/fsp/src/bsp/mcu/all/bsp_clocks.o
                0x20000508                . = ALIGN (0x8)
 *fill*         0x20000504        0x4 
 *(.heap.*)
                0x20000508                __noinit_end = .

.bss            0x20000508      0xaf4
                0x20000508                . = ALIGN (0x4)
                0x20000508                __bss_start__ = .
 *(.bss*)
 .bss           0x20000508       0x1c d:/rt-threadstudio/repo/extract/toolchain_support_packages/arm/gnu_tools_for_arm_embedded_processors/10.2.1/bin/../lib/gcc/arm-none-eabi/10.2.1/thumb/v8-m.main+fp/hard/crtbegin.o
 .bss.rt_tick   0x20000524        0x4 ./rt-thread/src/clock.o
 .bss.rt_tick_hook
                0x20000528        0x4 ./rt-thread/src/clock.o
 .bss.idle      0x2000052c       0x80 ./rt-thread/src/idle.o
 .bss.rt_thread_stack
                0x200005ac      0x100 ./rt-thread/src/idle.o
 .bss.idle_hook_list
                0x200006ac       0x10 ./rt-thread/src/idle.o
 .bss.rt_interrupt_enter_hook
                0x200006bc        0x4 ./rt-thread/src/irq.o
 .bss.rt_interrupt_leave_hook
                0x200006c0        0x4 ./rt-thread/src/irq.o
 .bss.rt_interrupt_nest
                0x200006c4        0x1 ./rt-thread/src/irq.o
                0x200006c4                rt_interrupt_nest
 *fill*         0x200006c5        0x3 
 .bss.__rt_errno
                0x200006c8        0x4 ./rt-thread/src/kservice.o
 .bss._console_device
                0x200006cc        0x4 ./rt-thread/src/kservice.o
 .bss.rt_malloc_hook
                0x200006d0        0x4 ./rt-thread/src/kservice.o
 .bss.rt_free_hook
                0x200006d4        0x4 ./rt-thread/src/kservice.o
 .bss._lock     0x200006d8       0x24 ./rt-thread/src/kservice.o
 .bss.system_heap
                0x200006fc        0x4 ./rt-thread/src/kservice.o
 .bss.rt_assert_hook
                0x20000700        0x4 ./rt-thread/src/kservice.o
                0x20000700                rt_assert_hook
 .bss.rt_log_buf.2
                0x20000704       0x80 ./rt-thread/src/kservice.o
 .bss.rt_object_attach_hook
                0x20000784        0x4 ./rt-thread/src/object.o
 .bss.rt_object_detach_hook
                0x20000788        0x4 ./rt-thread/src/object.o
 .bss.rt_object_trytake_hook
                0x2000078c        0x4 ./rt-thread/src/object.o
                0x2000078c                rt_object_trytake_hook
 .bss.rt_object_take_hook
                0x20000790        0x4 ./rt-thread/src/object.o
                0x20000790                rt_object_take_hook
 .bss.rt_object_put_hook
                0x20000794        0x4 ./rt-thread/src/object.o
                0x20000794                rt_object_put_hook
 .bss.rt_thread_priority_table
                0x20000798      0x100 ./rt-thread/src/scheduler.o
                0x20000798                rt_thread_priority_table
 .bss.rt_thread_ready_priority_group